Component: ARM Compiler 5.06 update 6 (build 750) Tool: armlink [4d35ed]

==============================================================================

Section Cross References

    system_gd32f30x.o(i.SystemCoreClockUpdate) refers to system_gd32f30x.o(.data) for SystemCoreClock
    system_gd32f30x.o(i.SystemInit) refers to system_gd32f30x.o(i.system_clock_config) for system_clock_config
    system_gd32f30x.o(i.system_clock_config) refers to system_gd32f30x.o(i.system_clock_120m_hxtal) for system_clock_120m_hxtal
    main.o(i.main) refers to systick.o(i.systick_config) for systick_config
    main.o(i.main) refers to demo4_wwdg.o(i.OnSystemStartup) for OnSystemStartup
    main.o(i.main) refers to demo4_wwdg.o(i.Loop) for Loop
    gd32f30x_it.o(i.SysTick_Handler) refers to systick.o(i.delay_decrement) for delay_decrement
    systick.o(i.delay_1ms) refers to systick.o(.data) for delay
    systick.o(i.delay_decrement) refers to systick.o(.data) for SystemSystick
    systick.o(i.systick_config) refers to systick.o(i.NVIC_SetPriority) for NVIC_SetPriority
    systick.o(i.systick_config) refers to system_gd32f30x.o(.data) for SystemCoreClock
    systick.o(i.systick_config) refers to systick.o(.data) for SystemSystick
    startup_gd32f30x_cl.o(RESET) refers to startup_gd32f30x_cl.o(STACK) for __initial_sp
    startup_gd32f30x_cl.o(RESET) refers to startup_gd32f30x_cl.o(.text) for Reset_Handler
    startup_gd32f30x_cl.o(RESET) refers to gd32f30x_it.o(i.NMI_Handler) for NMI_Handler
    startup_gd32f30x_cl.o(RESET) refers to gd32f30x_it.o(i.HardFault_Handler) for HardFault_Handler
    startup_gd32f30x_cl.o(RESET) refers to gd32f30x_it.o(i.MemManage_Handler) for MemManage_Handler
    startup_gd32f30x_cl.o(RESET) refers to gd32f30x_it.o(i.BusFault_Handler) for BusFault_Handler
    startup_gd32f30x_cl.o(RESET) refers to gd32f30x_it.o(i.UsageFault_Handler) for UsageFault_Handler
    startup_gd32f30x_cl.o(RESET) refers to gd32f30x_it.o(i.SVC_Handler) for SVC_Handler
    startup_gd32f30x_cl.o(RESET) refers to gd32f30x_it.o(i.DebugMon_Handler) for DebugMon_Handler
    startup_gd32f30x_cl.o(RESET) refers to gd32f30x_it.o(i.PendSV_Handler) for PendSV_Handler
    startup_gd32f30x_cl.o(RESET) refers to gd32f30x_it.o(i.SysTick_Handler) for SysTick_Handler
    startup_gd32f30x_cl.o(RESET) refers to usart.o(i.USART0_IRQHandler) for USART0_IRQHandler
    startup_gd32f30x_cl.o(.text) refers to system_gd32f30x.o(i.SystemInit) for SystemInit
    startup_gd32f30x_cl.o(.text) refers to entry.o(.ARM.Collect$$$$00000000) for __main
    demo4_wwdg.o(i.Loop) refers to gd32f30x_wwdgt.o(i.wwdgt_counter_update) for wwdgt_counter_update
    demo4_wwdg.o(i.Loop) refers to systick.o(i.delay_1ms) for delay_1ms
    demo4_wwdg.o(i.Loop) refers to demo4_wwdg.o(.data) for count
    demo4_wwdg.o(i.OnSystemStartup) refers to gd32f30x_rcu.o(i.rcu_apb1_clock_config) for rcu_apb1_clock_config
    demo4_wwdg.o(i.OnSystemStartup) refers to gd32f30x_rcu.o(i.rcu_periph_clock_enable) for rcu_periph_clock_enable
    demo4_wwdg.o(i.OnSystemStartup) refers to port.o(i.Port_Register) for Port_Register
    demo4_wwdg.o(i.OnSystemStartup) refers to port.o(i.Port_Remap_Enable) for Port_Remap_Enable
    demo4_wwdg.o(i.OnSystemStartup) refers to printfb.o(i.__0printf$bare) for __2printf
    demo4_wwdg.o(i.OnSystemStartup) refers to systick.o(i.delay_1ms) for delay_1ms
    demo4_wwdg.o(i.OnSystemStartup) refers to gd32f30x_wwdgt.o(i.wwdgt_deinit) for wwdgt_deinit
    demo4_wwdg.o(i.OnSystemStartup) refers to gd32f30x_wwdgt.o(i.wwdgt_config) for wwdgt_config
    demo4_wwdg.o(i.OnSystemStartup) refers to gd32f30x_wwdgt.o(i.wwdgt_enable) for wwdgt_enable
    demo4_wwdg.o(i.OnSystemStartup) refers to demo4_wwdg.o(.data) for key
    demo4_wwdg.o(i.OnSystemStartup) refers to usart.o(.data) for Usart
    port.o(i.GPIO_Port_Logout) refers to gd32f30x_gpio.o(i.gpio_bit_reset) for gpio_bit_reset
    port.o(i.GPIO_Port_Logout) refers to malloc.o(i.free) for free
    port.o(i.GPIO_Port_Read) refers to gd32f30x_gpio.o(i.gpio_input_bit_get) for gpio_input_bit_get
    port.o(i.GPIO_Port_Write) refers to gd32f30x_gpio.o(i.gpio_bit_set) for gpio_bit_set
    port.o(i.GPIO_Port_Write) refers to gd32f30x_gpio.o(i.gpio_bit_reset) for gpio_bit_reset
    port.o(i.Port_Register) refers to calloc.o(.text) for calloc
    port.o(i.Port_Register) refers to gd32f30x_gpio.o(i.gpio_init) for gpio_init
    port.o(i.Port_Register) refers to port.o(i.GPIO_Port_Write) for GPIO_Port_Write
    port.o(i.Port_Register) refers to port.o(i.GPIO_Port_Logout) for GPIO_Port_Logout
    port.o(i.Port_Register) refers to port.o(i.GPIO_Port_Read) for GPIO_Port_Read
    port.o(i.Port_Remap_Disable) refers to gd32f30x_gpio.o(i.gpio_pin_remap_config) for gpio_pin_remap_config
    port.o(i.Port_Remap_Enable) refers to gd32f30x_gpio.o(i.gpio_pin_remap_config) for gpio_pin_remap_config
[...]
    Removing gd32f30x_enet.o(i.enet_address_filter_enable), (24 bytes).
    Removing gd32f30x_enet.o(i.enet_current_desc_address_get), (16 bytes).
    Removing gd32f30x_enet.o(i.enet_debug_status_get), (108 bytes).
    Removing gd32f30x_enet.o(i.enet_default_init), (120 bytes).
    Removing gd32f30x_enet.o(i.enet_deinit), (24 bytes).
    Removing gd32f30x_enet.o(i.enet_delay), (24 bytes).
    Removing gd32f30x_enet.o(i.enet_desc_flag_clear), (8 bytes).
    Removing gd32f30x_enet.o(i.enet_desc_flag_get), (14 bytes).
    Removing gd32f30x_enet.o(i.enet_desc_flag_set), (8 bytes).
    Removing gd32f30x_enet.o(i.enet_desc_information_get), (100 bytes).
    Removing gd32f30x_enet.o(i.enet_desc_select_normal_mode), (20 bytes).
    Removing gd32f30x_enet.o(i.enet_descriptors_chain_init), (200 bytes).
    Removing gd32f30x_enet.o(i.enet_descriptors_ring_init), (236 bytes).
    Removing gd32f30x_enet.o(i.enet_disable), (12 bytes).
    Removing gd32f30x_enet.o(i.enet_dma_feature_disable), (16 bytes).
    Removing gd32f30x_enet.o(i.enet_dma_feature_enable), (16 bytes).
    Removing gd32f30x_enet.o(i.enet_dmaprocess_resume), (28 bytes).
    Removing gd32f30x_enet.o(i.enet_dmaprocess_state_get), (16 bytes).
    Removing gd32f30x_enet.o(i.enet_enable), (12 bytes).
    Removing gd32f30x_enet.o(i.enet_flag_clear), (24 bytes).
    Removing gd32f30x_enet.o(i.enet_flag_get), (36 bytes).
    Removing gd32f30x_enet.o(i.enet_fliter_feature_disable), (16 bytes).
    Removing gd32f30x_enet.o(i.enet_fliter_feature_enable), (16 bytes).
    Removing gd32f30x_enet.o(i.enet_flowcontrol_feature_disable), (40 bytes).
    Removing gd32f30x_enet.o(i.enet_flowcontrol_feature_enable), (40 bytes).
    Removing gd32f30x_enet.o(i.enet_flowcontrol_threshold_config), (16 bytes).
    Removing gd32f30x_enet.o(i.enet_forward_feature_disable), (48 bytes).
    Removing gd32f30x_enet.o(i.enet_forward_feature_enable), (48 bytes).
    Removing gd32f30x_enet.o(i.enet_frame_receive), (248 bytes).
    Removing gd32f30x_enet.o(i.enet_frame_transmit), (204 bytes).
    Removing gd32f30x_enet.o(i.enet_init), (868 bytes).
    Removing gd32f30x_enet.o(i.enet_initpara_config), (356 bytes).
    Removing gd32f30x_enet.o(i.enet_initpara_reset), (40 bytes).
    Removing gd32f30x_enet.o(i.enet_interrupt_disable), (72 bytes).
    Removing gd32f30x_enet.o(i.enet_interrupt_enable), (72 bytes).
    Removing gd32f30x_enet.o(i.enet_interrupt_flag_clear), (24 bytes).
    Removing gd32f30x_enet.o(i.enet_interrupt_flag_get), (36 bytes).
    Removing gd32f30x_enet.o(i.enet_mac_address_get), (72 bytes).
    Removing gd32f30x_enet.o(i.enet_mac_address_set), (48 bytes).
    Removing gd32f30x_enet.o(i.enet_missed_frame_counter_get), (24 bytes).
    Removing gd32f30x_enet.o(i.enet_msc_counters_get), (12 bytes).
    Removing gd32f30x_enet.o(i.enet_msc_counters_preset_config), (36 bytes).
    Removing gd32f30x_enet.o(i.enet_msc_counters_reset), (24 bytes).
    Removing gd32f30x_enet.o(i.enet_msc_feature_disable), (24 bytes).
    Removing gd32f30x_enet.o(i.enet_msc_feature_enable), (24 bytes).
    Removing gd32f30x_enet.o(i.enet_pauseframe_config), (44 bytes).
    Removing gd32f30x_enet.o(i.enet_pauseframe_detect_config), (28 bytes).
    Removing gd32f30x_enet.o(i.enet_pauseframe_generate), (36 bytes).
    Removing gd32f30x_enet.o(i.enet_phy_config), (196 bytes).
    Removing gd32f30x_enet.o(i.enet_phy_write_read), (156 bytes).
    Removing gd32f30x_enet.o(i.enet_phyloopback_disable), (50 bytes).
    Removing gd32f30x_enet.o(i.enet_phyloopback_enable), (48 bytes).
    Removing gd32f30x_enet.o(i.enet_ptp_coarsecorrection_systime_update), (58 bytes).
    Removing gd32f30x_enet.o(i.enet_ptp_expected_time_config), (16 bytes).
    Removing gd32f30x_enet.o(i.enet_ptp_feature_disable), (16 bytes).
    Removing gd32f30x_enet.o(i.enet_ptp_feature_enable), (16 bytes).
    Removing gd32f30x_enet.o(i.enet_ptp_finecorrection_adjfreq), (18 bytes).
    Removing gd32f30x_enet.o(i.enet_ptp_finecorrection_settime), (42 bytes).
    Removing gd32f30x_enet.o(i.enet_ptp_flag_get), (20 bytes).
    Removing gd32f30x_enet.o(i.enet_ptp_nanosecond_2_subsecond), (36 bytes).
    Removing gd32f30x_enet.o(i.enet_ptp_normal_descriptors_chain_init), (236 bytes).
    Removing gd32f30x_enet.o(i.enet_ptp_normal_descriptors_ring_init), (280 bytes).
    Removing gd32f30x_enet.o(i.enet_ptp_pps_output_frequency_config), (12 bytes).
    Removing gd32f30x_enet.o(i.enet_ptp_start), (100 bytes).
    Removing gd32f30x_enet.o(i.enet_ptp_subsecond_2_nanosecond), (28 bytes).
    Removing gd32f30x_enet.o(i.enet_ptp_subsecond_increment_config), (12 bytes).
    Removing gd32f30x_enet.o(i.enet_ptp_system_time_get), (44 bytes).
    Removing gd32f30x_enet.o(i.enet_ptp_timestamp_addend_config), (12 bytes).
    Removing gd32f30x_enet.o(i.enet_ptp_timestamp_function_config), (256 bytes).
    Removing gd32f30x_enet.o(i.enet_ptp_timestamp_update_config), (24 bytes).
    Removing gd32f30x_enet.o(i.enet_ptpframe_receive_normal_mode), (340 bytes).
    Removing gd32f30x_enet.o(i.enet_ptpframe_transmit_normal_mode), (444 bytes).
    Removing gd32f30x_enet.o(i.enet_registers_get), (56 bytes).
    Removing gd32f30x_enet.o(i.enet_rx_desc_delay_receive_complete_interrupt), (20 bytes).
    Removing gd32f30x_enet.o(i.enet_rx_desc_immediate_receive_complete_interrupt), (10 bytes).
    Removing gd32f30x_enet.o(i.enet_rx_disable), (36 bytes).
    Removing gd32f30x_enet.o(i.enet_rx_enable), (36 bytes).
    Removing gd32f30x_enet.o(i.enet_rxframe_drop), (172 bytes).
    Removing gd32f30x_enet.o(i.enet_rxframe_size_get), (152 bytes).
    Removing gd32f30x_enet.o(i.enet_rxprocess_check_recovery), (48 bytes).
    Removing gd32f30x_enet.o(i.enet_software_reset), (60 bytes).
    Removing gd32f30x_enet.o(i.enet_transmit_checksum_config), (26 bytes).
    Removing gd32f30x_enet.o(i.enet_tx_disable), (40 bytes).
    Removing gd32f30x_enet.o(i.enet_tx_enable), (40 bytes).
    Removing gd32f30x_enet.o(i.enet_txfifo_flush), (52 bytes).
    Removing gd32f30x_enet.o(i.enet_wum_feature_disable), (16 bytes).
    Removing gd32f30x_enet.o(i.enet_wum_feature_enable), (16 bytes).
    Removing gd32f30x_enet.o(i.enet_wum_filter_config), (28 bytes).
    Removing gd32f30x_enet.o(i.enet_wum_filter_register_pointer_reset), (20 bytes).
    Removing gd32f30x_enet.o(.bss), (15460 bytes).
    Removing gd32f30x_enet.o(.constdata), (116 bytes).
    Removing gd32f30x_enet.o(.data), (20 bytes).
    Removing gd32f30x_exmc.o(.rev16_text), (4 bytes).
    Removing gd32f30x_exmc.o(.revsh_text), (4 bytes).
    Removing gd32f30x_exmc.o(i.exmc_ecc_get), (12 bytes).
    Removing gd32f30x_exmc.o(i.exmc_flag_clear), (20 bytes).
    Removing gd32f30x_exmc.o(i.exmc_flag_get), (28 bytes).
    Removing gd32f30x_exmc.o(i.exmc_interrupt_disable), (20 bytes).
    Removing gd32f30x_exmc.o(i.exmc_interrupt_enable), (20 bytes).
    Removing gd32f30x_exmc.o(i.exmc_interrupt_flag_clear), (22 bytes).
    Removing gd32f30x_exmc.o(i.exmc_interrupt_flag_get), (38 bytes).
    Removing gd32f30x_exmc.o(i.exmc_nand_deinit), (42 bytes).
    Removing gd32f30x_exmc.o(i.exmc_nand_disable), (22 bytes).
    Removing gd32f30x_exmc.o(i.exmc_nand_ecc_config), (48 bytes).
    Removing gd32f30x_exmc.o(i.exmc_nand_enable), (22 bytes).
    Removing gd32f30x_exmc.o(i.exmc_nand_init), (174 bytes).
    Removing gd32f30x_exmc.o(i.exmc_nand_struct_para_init), (54 bytes).
    Removing gd32f30x_exmc.o(i.exmc_norsram_deinit), (52 bytes).
    Removing gd32f30x_exmc.o(i.exmc_norsram_disable), (22 bytes).
    Removing gd32f30x_exmc.o(i.exmc_norsram_enable), (22 bytes).
    Removing gd32f30x_exmc.o(i.exmc_norsram_init), (284 bytes).
    Removing gd32f30x_exmc.o(i.exmc_norsram_page_size_config), (40 bytes).
    Removing gd32f30x_exmc.o(i.exmc_norsram_struct_para_init), (106 bytes).
    Removing gd32f30x_exmc.o(i.exmc_pccard_deinit), (40 bytes).
    Removing gd32f30x_exmc.o(i.exmc_pccard_disable), (24 bytes).
    Removing gd32f30x_exmc.o(i.exmc_pccard_enable), (24 bytes).
    Removing gd32f30x_exmc.o(i.exmc_pccard_init), (192 bytes).
    Removing gd32f30x_exmc.o(i.exmc_pccard_struct_para_init), (60 bytes).
    Removing gd32f30x_exti.o(.rev16_text), (4 bytes).
    Removing gd32f30x_exti.o(.revsh_text), (4 bytes).
    Removing gd32f30x_exti.o(i.exti_deinit), (28 bytes).
    Removing gd32f30x_exti.o(i.exti_event_disable), (16 bytes).
    Removing gd32f30x_exti.o(i.exti_event_enable), (16 bytes).
    Removing gd32f30x_exti.o(i.exti_flag_clear), (12 bytes).
    Removing gd32f30x_exti.o(i.exti_flag_get), (24 bytes).
    Removing gd32f30x_exti.o(i.exti_init), (184 bytes).
    Removing gd32f30x_exti.o(i.exti_interrupt_disable), (16 bytes).
    Removing gd32f30x_exti.o(i.exti_interrupt_enable), (16 bytes).
    Removing gd32f30x_exti.o(i.exti_interrupt_flag_clear), (12 bytes).
    Removing gd32f30x_exti.o(i.exti_interrupt_flag_get), (36 bytes).
    Removing gd32f30x_exti.o(i.exti_software_interrupt_disable), (16 bytes).
    Removing gd32f30x_exti.o(i.exti_software_interrupt_enable), (16 bytes).
    Removing gd32f30x_fmc.o(.rev16_text), (4 bytes).
    Removing gd32f30x_fmc.o(.revsh_text), (4 bytes).
    Removing gd32f30x_fmc.o(i.fmc_bank0_erase), (68 bytes).
    Removing gd32f30x_fmc.o(i.fmc_bank0_lock), (20 bytes).
    Removing gd32f30x_fmc.o(i.fmc_bank0_ready_wait), (34 bytes).
    Removing gd32f30x_fmc.o(i.fmc_bank0_state_get), (48 bytes).
    Removing gd32f30x_fmc.o(i.fmc_bank0_unlock), (36 bytes).
    Removing gd32f30x_fmc.o(i.fmc_bank1_erase), (68 bytes).
    Removing gd32f30x_fmc.o(i.fmc_bank1_lock), (20 bytes).
    Removing gd32f30x_fmc.o(i.fmc_bank1_ready_wait), (34 bytes).
    Removing gd32f30x_fmc.o(i.fmc_bank1_state_get), (48 bytes).
    Removing gd32f30x_fmc.o(i.fmc_bank1_unlock), (36 bytes).
    Removing gd32f30x_fmc.o(i.fmc_flag_clear), (32 bytes).
    Removing gd32f30x_fmc.o(i.fmc_flag_get), (36 bytes).
    Removing gd32f30x_fmc.o(i.fmc_halfword_program), (192 bytes).
    Removing gd32f30x_fmc.o(i.fmc_interrupt_disable), (32 bytes).
    Removing gd32f30x_fmc.o(i.fmc_interrupt_enable), (32 bytes).
    Removing gd32f30x_fmc.o(i.fmc_interrupt_flag_clear), (32 bytes).
    Removing gd32f30x_fmc.o(i.fmc_interrupt_flag_get), (108 bytes).
    Removing gd32f30x_fmc.o(i.fmc_lock), (44 bytes).
    Removing gd32f30x_fmc.o(i.fmc_mass_erase), (200 bytes).
    Removing gd32f30x_fmc.o(i.fmc_page_erase), (236 bytes).
    Removing gd32f30x_fmc.o(i.fmc_unlock), (68 bytes).
    Removing gd32f30x_fmc.o(i.fmc_word_program), (192 bytes).
    Removing gd32f30x_fmc.o(i.fmc_word_reprogram), (244 bytes).
    Removing gd32f30x_fmc.o(i.fmc_wscnt_set), (24 bytes).
    Removing gd32f30x_fmc.o(i.ob_data_get), (16 bytes).
    Removing gd32f30x_fmc.o(i.ob_data_program), (68 bytes).
    Removing gd32f30x_fmc.o(i.ob_erase), (140 bytes).
    Removing gd32f30x_fmc.o(i.ob_lock), (20 bytes).
    Removing gd32f30x_fmc.o(i.ob_security_protection_config), (132 bytes).
    Removing gd32f30x_fmc.o(i.ob_spc_get), (24 bytes).
    Removing gd32f30x_fmc.o(i.ob_unlock), (36 bytes).
    Removing gd32f30x_fmc.o(i.ob_user_get), (16 bytes).
    Removing gd32f30x_fmc.o(i.ob_user_write), (96 bytes).
    Removing gd32f30x_fmc.o(i.ob_write_protection_enable), (168 bytes).
    Removing gd32f30x_fmc.o(i.ob_write_protection_get), (12 bytes).
    Removing gd32f30x_fwdgt.o(.rev16_text), (4 bytes).
    Removing gd32f30x_fwdgt.o(.revsh_text), (4 bytes).
    Removing gd32f30x_fwdgt.o(i.fwdgt_config), (104 bytes).
    Removing gd32f30x_fwdgt.o(i.fwdgt_counter_reload), (16 bytes).
    Removing gd32f30x_fwdgt.o(i.fwdgt_enable), (16 bytes).
    Removing gd32f30x_fwdgt.o(i.fwdgt_flag_get), (24 bytes).
    Removing gd32f30x_fwdgt.o(i.fwdgt_write_disable), (12 bytes).
    Removing gd32f30x_fwdgt.o(i.fwdgt_write_enable), (16 bytes).
    Removing gd32f30x_gpio.o(.rev16_text), (4 bytes).
    Removing gd32f30x_gpio.o(.revsh_text), (4 bytes).
    Removing gd32f30x_gpio.o(i.gpio_afio_deinit), (20 bytes).
    Removing gd32f30x_gpio.o(i.gpio_bit_write), (10 bytes).
    Removing gd32f30x_gpio.o(i.gpio_compensation_config), (24 bytes).
    Removing gd32f30x_gpio.o(i.gpio_compensation_flag_get), (24 bytes).
    Removing gd32f30x_gpio.o(i.gpio_deinit), (196 bytes).
    Removing gd32f30x_gpio.o(i.gpio_ethernet_phy_select), (28 bytes).
    Removing gd32f30x_gpio.o(i.gpio_event_output_config), (28 bytes).
    Removing gd32f30x_gpio.o(i.gpio_event_output_disable), (20 bytes).
    Removing gd32f30x_gpio.o(i.gpio_event_output_enable), (20 bytes).
    Removing gd32f30x_gpio.o(i.gpio_exti_source_select), (152 bytes).
    Removing gd32f30x_gpio.o(i.gpio_input_port_get), (8 bytes).
    Removing gd32f30x_gpio.o(i.gpio_output_bit_get), (16 bytes).
    Removing gd32f30x_gpio.o(i.gpio_output_port_get), (8 bytes).
    Removing gd32f30x_gpio.o(i.gpio_pin_lock), (18 bytes).
    Removing gd32f30x_gpio.o(i.gpio_port_write), (4 bytes).
    Removing gd32f30x_i2c.o(.rev16_text), (4 bytes).
    Removing gd32f30x_i2c.o(.revsh_text), (4 bytes).
    Removing gd32f30x_i2c.o(i.i2c_ack_config), (24 bytes).
    Removing gd32f30x_i2c.o(i.i2c_ackpos_config), (22 bytes).
    Removing gd32f30x_i2c.o(i.i2c_clock_config), (320 bytes).
    Removing gd32f30x_i2c.o(i.i2c_data_receive), (8 bytes).
    Removing gd32f30x_i2c.o(i.i2c_data_transmit), (6 bytes).
    Removing gd32f30x_i2c.o(i.i2c_deinit), (64 bytes).
    Removing gd32f30x_i2c.o(i.i2c_disable), (10 bytes).
    Removing gd32f30x_i2c.o(i.i2c_dma_enable), (16 bytes).
    Removing gd32f30x_i2c.o(i.i2c_dma_last_transfer_config), (16 bytes).
    Removing gd32f30x_i2c.o(i.i2c_dualaddr_disable), (10 bytes).
    Removing gd32f30x_i2c.o(i.i2c_dualaddr_enable), (12 bytes).
    Removing gd32f30x_i2c.o(i.i2c_enable), (10 bytes).
    Removing gd32f30x_i2c.o(i.i2c_flag_clear), (40 bytes).
    Removing gd32f30x_i2c.o(i.i2c_flag_get), (30 bytes).
    Removing gd32f30x_i2c.o(i.i2c_interrupt_disable), (26 bytes).
    Removing gd32f30x_i2c.o(i.i2c_interrupt_enable), (26 bytes).
    Removing gd32f30x_i2c.o(i.i2c_interrupt_flag_clear), (44 bytes).
    Removing gd32f30x_i2c.o(i.i2c_interrupt_flag_get), (92 bytes).
    Removing gd32f30x_i2c.o(i.i2c_master_addressing), (20 bytes).
    Removing gd32f30x_i2c.o(i.i2c_mode_addr_config), (28 bytes).
    Removing gd32f30x_i2c.o(i.i2c_pec_enable), (16 bytes).
    Removing gd32f30x_i2c.o(i.i2c_pec_transfer_enable), (16 bytes).
    Removing gd32f30x_i2c.o(i.i2c_pec_value_get), (10 bytes).
    Removing gd32f30x_i2c.o(i.i2c_slave_response_to_gcall_config), (16 bytes).
    Removing gd32f30x_i2c.o(i.i2c_smbus_arp_enable), (16 bytes).
    Removing gd32f30x_i2c.o(i.i2c_smbus_issue_alert), (16 bytes).
    Removing gd32f30x_i2c.o(i.i2c_smbus_type_config), (24 bytes).
    Removing gd32f30x_i2c.o(i.i2c_software_reset_config), (16 bytes).
    Removing gd32f30x_i2c.o(i.i2c_start_on_bus), (10 bytes).
    Removing gd32f30x_i2c.o(i.i2c_stop_on_bus), (10 bytes).
    Removing gd32f30x_i2c.o(i.i2c_stretch_scl_low_config), (16 bytes).
    Removing gd32f30x_misc.o(.rev16_text), (4 bytes).
    Removing gd32f30x_misc.o(.revsh_text), (4 bytes).
    Removing gd32f30x_misc.o(i.nvic_irq_disable), (24 bytes).
    Removing gd32f30x_misc.o(i.nvic_vector_table_set), (20 bytes).
    Removing gd32f30x_misc.o(i.system_lowpower_reset), (16 bytes).
    Removing gd32f30x_misc.o(i.system_lowpower_set), (16 bytes).
    Removing gd32f30x_misc.o(i.systick_clksource_set), (40 bytes).
    Removing gd32f30x_pmu.o(.rev16_text), (4 bytes).
    Removing gd32f30x_pmu.o(.revsh_text), (4 bytes).
    Removing gd32f30x_pmu.o(i.pmu_backup_write_disable), (20 bytes).
    Removing gd32f30x_pmu.o(i.pmu_backup_write_enable), (20 bytes).
    Removing gd32f30x_pmu.o(i.pmu_deinit), (20 bytes).
    Removing gd32f30x_pmu.o(i.pmu_flag_clear), (48 bytes).
    Removing gd32f30x_pmu.o(i.pmu_flag_get), (24 bytes).
    Removing gd32f30x_pmu.o(i.pmu_highdriver_mode_disable), (20 bytes).
    Removing gd32f30x_pmu.o(i.pmu_highdriver_mode_enable), (20 bytes).
    Removing gd32f30x_pmu.o(i.pmu_highdriver_switch_select), (44 bytes).
    Removing gd32f30x_pmu.o(i.pmu_ldo_output_select), (28 bytes).
    Removing gd32f30x_pmu.o(i.pmu_lowdriver_mode_disable), (20 bytes).
    Removing gd32f30x_pmu.o(i.pmu_lowdriver_mode_enable), (20 bytes).
    Removing gd32f30x_pmu.o(i.pmu_lowpower_driver_config), (28 bytes).
    Removing gd32f30x_pmu.o(i.pmu_lvd_disable), (20 bytes).
    Removing gd32f30x_pmu.o(i.pmu_lvd_select), (48 bytes).
    Removing gd32f30x_pmu.o(i.pmu_normalpower_driver_config), (28 bytes).
    Removing gd32f30x_pmu.o(i.pmu_to_deepsleepmode), (196 bytes).
    Removing gd32f30x_pmu.o(i.pmu_to_sleepmode), (28 bytes).
    Removing gd32f30x_pmu.o(i.pmu_to_standbymode), (52 bytes).
    Removing gd32f30x_pmu.o(i.pmu_wakeup_pin_disable), (20 bytes).
    Removing gd32f30x_pmu.o(i.pmu_wakeup_pin_enable), (20 bytes).
    Removing gd32f30x_pmu.o(.bss), (16 bytes).
    Removing gd32f30x_rcu.o(.rev16_text), (4 bytes).
    Removing gd32f30x_rcu.o(.revsh_text), (4 bytes).
    Removing gd32f30x_rcu.o(i.rcu_adc_clock_config), (108 bytes).
    Removing gd32f30x_rcu.o(i.rcu_ahb_clock_config), (24 bytes).
    Removing gd32f30x_rcu.o(i.rcu_all_reset_flag_clear), (20 bytes).
    Removing gd32f30x_rcu.o(i.rcu_apb2_clock_config), (24 bytes).
    Removing gd32f30x_rcu.o(i.rcu_bkp_reset_disable), (20 bytes).
    Removing gd32f30x_rcu.o(i.rcu_bkp_reset_enable), (20 bytes).
    Removing gd32f30x_rcu.o(i.rcu_ck48m_clock_config), (28 bytes).
    Removing gd32f30x_rcu.o(i.rcu_ckout0_config), (24 bytes).
    Removing gd32f30x_rcu.o(i.rcu_deepsleep_voltage_set), (16 bytes).
    Removing gd32f30x_rcu.o(i.rcu_deinit), (96 bytes).
    Removing gd32f30x_rcu.o(i.rcu_flag_get), (36 bytes).
    Removing gd32f30x_rcu.o(i.rcu_hxtal_clock_monitor_disable), (20 bytes).
    Removing gd32f30x_rcu.o(i.rcu_hxtal_clock_monitor_enable), (20 bytes).
    Removing gd32f30x_rcu.o(i.rcu_i2s1_clock_config), (24 bytes).
    Removing gd32f30x_rcu.o(i.rcu_i2s2_clock_config), (24 bytes).
    Removing gd32f30x_rcu.o(i.rcu_interrupt_disable), (32 bytes).
    Removing gd32f30x_rcu.o(i.rcu_interrupt_enable), (32 bytes).
    Removing gd32f30x_rcu.o(i.rcu_interrupt_flag_clear), (32 bytes).
    Removing gd32f30x_rcu.o(i.rcu_interrupt_flag_get), (36 bytes).
    Removing gd32f30x_rcu.o(i.rcu_irc8m_adjust_value_set), (28 bytes).
    Removing gd32f30x_rcu.o(i.rcu_lxtal_drive_capability_config), (24 bytes).
    Removing gd32f30x_rcu.o(i.rcu_osci_bypass_mode_disable), (112 bytes).
    Removing gd32f30x_rcu.o(i.rcu_osci_bypass_mode_enable), (112 bytes).
    Removing gd32f30x_rcu.o(i.rcu_osci_off), (32 bytes).
    Removing gd32f30x_rcu.o(i.rcu_osci_on), (32 bytes).
    Removing gd32f30x_rcu.o(i.rcu_osci_stab_wait), (348 bytes).
    Removing gd32f30x_rcu.o(i.rcu_periph_clock_disable), (32 bytes).
    Removing gd32f30x_rcu.o(i.rcu_periph_clock_sleep_disable), (32 bytes).
    Removing gd32f30x_rcu.o(i.rcu_periph_clock_sleep_enable), (32 bytes).
    Removing gd32f30x_rcu.o(i.rcu_pll1_config), (28 bytes).
    Removing gd32f30x_rcu.o(i.rcu_pll2_config), (28 bytes).
    Removing gd32f30x_rcu.o(i.rcu_pll_config), (32 bytes).
    Removing gd32f30x_rcu.o(i.rcu_pllpresel_config), (24 bytes).
    Removing gd32f30x_rcu.o(i.rcu_predv0_config), (32 bytes).
    Removing gd32f30x_rcu.o(i.rcu_predv1_config), (24 bytes).
    Removing gd32f30x_rcu.o(i.rcu_rtc_clock_config), (24 bytes).
    Removing gd32f30x_rcu.o(i.rcu_system_clock_source_config), (24 bytes).
    Removing gd32f30x_rcu.o(i.rcu_system_clock_source_get), (16 bytes).
    Removing gd32f30x_rcu.o(i.rcu_usb_clock_config), (24 bytes).
    Removing gd32f30x_rtc.o(.rev16_text), (4 bytes).
    Removing gd32f30x_rtc.o(.revsh_text), (4 bytes).
    Removing gd32f30x_rtc.o(i.rtc_alarm_config), (32 bytes).
    Removing gd32f30x_rtc.o(i.rtc_configuration_mode_enter), (20 bytes).
    Removing gd32f30x_rtc.o(i.rtc_configuration_mode_exit), (20 bytes).
    Removing gd32f30x_rtc.o(i.rtc_counter_get), (20 bytes).
    Removing gd32f30x_rtc.o(i.rtc_counter_set), (32 bytes).
    Removing gd32f30x_rtc.o(i.rtc_divider_get), (24 bytes).
    Removing gd32f30x_rtc.o(i.rtc_flag_clear), (16 bytes).
    Removing gd32f30x_rtc.o(i.rtc_flag_get), (24 bytes).
    Removing gd32f30x_rtc.o(i.rtc_interrupt_disable), (16 bytes).
    Removing gd32f30x_rtc.o(i.rtc_interrupt_enable), (16 bytes).
    Removing gd32f30x_rtc.o(i.rtc_lwoff_wait), (20 bytes).
    Removing gd32f30x_rtc.o(i.rtc_prescaler_set), (32 bytes).
    Removing gd32f30x_rtc.o(i.rtc_register_sync_wait), (32 bytes).
    Removing gd32f30x_sdio.o(.rev16_text), (4 bytes).
    Removing gd32f30x_sdio.o(.revsh_text), (4 bytes).
    Removing gd32f30x_sdio.o(i.sdio_bus_mode_set), (28 bytes).
    Removing gd32f30x_sdio.o(i.sdio_ceata_command_completion_disable), (20 bytes).
    Removing gd32f30x_sdio.o(i.sdio_ceata_command_completion_enable), (20 bytes).
    Removing gd32f30x_sdio.o(i.sdio_ceata_command_disable), (20 bytes).
    Removing gd32f30x_sdio.o(i.sdio_ceata_command_enable), (20 bytes).
    Removing gd32f30x_sdio.o(i.sdio_ceata_interrupt_disable), (20 bytes).
    Removing gd32f30x_sdio.o(i.sdio_ceata_interrupt_enable), (20 bytes).
    Removing gd32f30x_sdio.o(i.sdio_clock_config), (52 bytes).
    Removing gd32f30x_sdio.o(i.sdio_clock_disable), (20 bytes).
    Removing gd32f30x_sdio.o(i.sdio_clock_enable), (20 bytes).
    Removing gd32f30x_sdio.o(i.sdio_command_index_get), (12 bytes).
    Removing gd32f30x_sdio.o(i.sdio_command_response_config), (44 bytes).
    Removing gd32f30x_sdio.o(i.sdio_csm_disable), (20 bytes).
    Removing gd32f30x_sdio.o(i.sdio_csm_enable), (20 bytes).
    Removing gd32f30x_sdio.o(i.sdio_data_config), (52 bytes).
    Removing gd32f30x_sdio.o(i.sdio_data_counter_get), (12 bytes).
    Removing gd32f30x_sdio.o(i.sdio_data_read), (12 bytes).
    Removing gd32f30x_sdio.o(i.sdio_data_transfer_config), (28 bytes).
    Removing gd32f30x_sdio.o(i.sdio_data_write), (12 bytes).
    Removing gd32f30x_sdio.o(i.sdio_deinit), (28 bytes).
    Removing gd32f30x_sdio.o(i.sdio_dma_disable), (20 bytes).
    Removing gd32f30x_sdio.o(i.sdio_dma_enable), (20 bytes).
    Removing gd32f30x_sdio.o(i.sdio_dsm_disable), (20 bytes).
    Removing gd32f30x_sdio.o(i.sdio_dsm_enable), (20 bytes).
    Removing gd32f30x_sdio.o(i.sdio_fifo_counter_get), (12 bytes).
    Removing gd32f30x_sdio.o(i.sdio_flag_clear), (12 bytes).
    Removing gd32f30x_sdio.o(i.sdio_flag_get), (24 bytes).
    Removing gd32f30x_sdio.o(i.sdio_hardware_clock_disable), (20 bytes).
    Removing gd32f30x_sdio.o(i.sdio_hardware_clock_enable), (20 bytes).
    Removing gd32f30x_sdio.o(i.sdio_interrupt_disable), (16 bytes).
    Removing gd32f30x_sdio.o(i.sdio_interrupt_enable), (16 bytes).
    Removing gd32f30x_sdio.o(i.sdio_interrupt_flag_clear), (12 bytes).
    Removing gd32f30x_sdio.o(i.sdio_interrupt_flag_get), (24 bytes).
    Removing gd32f30x_sdio.o(i.sdio_operation_disable), (20 bytes).
    Removing gd32f30x_sdio.o(i.sdio_operation_enable), (20 bytes).
    Removing gd32f30x_sdio.o(i.sdio_power_state_get), (12 bytes).
    Removing gd32f30x_sdio.o(i.sdio_power_state_set), (12 bytes).
    Removing gd32f30x_sdio.o(i.sdio_readwait_disable), (20 bytes).
    Removing gd32f30x_sdio.o(i.sdio_readwait_enable), (20 bytes).
    Removing gd32f30x_sdio.o(i.sdio_readwait_type_set), (40 bytes).
    Removing gd32f30x_sdio.o(i.sdio_response_get), (56 bytes).
    Removing gd32f30x_sdio.o(i.sdio_stop_readwait_disable), (20 bytes).
    Removing gd32f30x_sdio.o(i.sdio_stop_readwait_enable), (20 bytes).
    Removing gd32f30x_sdio.o(i.sdio_suspend_disable), (20 bytes).
    Removing gd32f30x_sdio.o(i.sdio_suspend_enable), (20 bytes).
    Removing gd32f30x_sdio.o(i.sdio_wait_type_set), (28 bytes).
    Removing gd32f30x_spi.o(.rev16_text), (4 bytes).
    Removing gd32f30x_spi.o(.revsh_text), (4 bytes).
    Removing gd32f30x_spi.o(i.i2s_disable), (10 bytes).
    Removing gd32f30x_spi.o(i.i2s_enable), (10 bytes).
    Removing gd32f30x_spi.o(i.i2s_init), (28 bytes).
    Removing gd32f30x_spi.o(i.i2s_psc_config), (288 bytes).
    Removing gd32f30x_spi.o(i.qspi_disable), (14 bytes).
    Removing gd32f30x_spi.o(i.qspi_enable), (14 bytes).
    Removing gd32f30x_spi.o(i.qspi_io23_output_disable), (14 bytes).
    Removing gd32f30x_spi.o(i.qspi_io23_output_enable), (14 bytes).
    Removing gd32f30x_spi.o(i.qspi_read_enable), (14 bytes).
    Removing gd32f30x_spi.o(i.qspi_write_enable), (14 bytes).
    Removing gd32f30x_spi.o(i.spi_bidirectional_transfer_config), (26 bytes).
    Removing gd32f30x_spi.o(i.spi_crc_error_clear), (10 bytes).
    Removing gd32f30x_spi.o(i.spi_crc_get), (16 bytes).
    Removing gd32f30x_spi.o(i.spi_crc_next), (10 bytes).
    Removing gd32f30x_spi.o(i.spi_crc_off), (10 bytes).
    Removing gd32f30x_spi.o(i.spi_crc_on), (10 bytes).
    Removing gd32f30x_spi.o(i.spi_crc_polynomial_get), (8 bytes).
    Removing gd32f30x_spi.o(i.spi_crc_polynomial_set), (12 bytes).
    Removing gd32f30x_spi.o(i.spi_disable), (10 bytes).
    Removing gd32f30x_spi.o(i.spi_dma_disable), (22 bytes).
    Removing gd32f30x_spi.o(i.spi_dma_enable), (22 bytes).
    Removing gd32f30x_spi.o(i.spi_enable), (10 bytes).
    Removing gd32f30x_spi.o(i.spi_i2s_data_frame_format_config), (16 bytes).
    Removing gd32f30x_spi.o(i.spi_i2s_data_receive), (8 bytes).
    Removing gd32f30x_spi.o(i.spi_i2s_data_transmit), (4 bytes).
    Removing gd32f30x_spi.o(i.spi_i2s_deinit), (88 bytes).
    Removing gd32f30x_spi.o(i.spi_i2s_flag_get), (16 bytes).
    Removing gd32f30x_spi.o(i.spi_i2s_interrupt_disable), (48 bytes).
    Removing gd32f30x_spi.o(i.spi_i2s_interrupt_enable), (48 bytes).
    Removing gd32f30x_spi.o(i.spi_i2s_interrupt_flag_get), (112 bytes).
    Removing gd32f30x_spi.o(i.spi_init), (50 bytes).
    Removing gd32f30x_spi.o(i.spi_nss_internal_high), (10 bytes).
    Removing gd32f30x_spi.o(i.spi_nss_internal_low), (10 bytes).
    Removing gd32f30x_spi.o(i.spi_nss_output_disable), (10 bytes).
    Removing gd32f30x_spi.o(i.spi_nss_output_enable), (10 bytes).
    Removing gd32f30x_spi.o(i.spi_nssp_mode_disable), (10 bytes).
    Removing gd32f30x_spi.o(i.spi_nssp_mode_enable), (10 bytes).
    Removing gd32f30x_spi.o(i.spi_struct_para_init), (18 bytes).
    Removing gd32f30x_spi.o(i.spi_ti_mode_disable), (10 bytes).
    Removing gd32f30x_spi.o(i.spi_ti_mode_enable), (10 bytes).
    Removing gd32f30x_timer.o(.rev16_text), (4 bytes).
    Removing gd32f30x_timer.o(.revsh_text), (4 bytes).
    Removing gd32f30x_timer.o(i.timer_auto_reload_shadow_disable), (10 bytes).
    Removing gd32f30x_timer.o(i.timer_auto_reload_shadow_enable), (10 bytes).
    Removing gd32f30x_timer.o(i.timer_automatic_output_disable), (10 bytes).
    Removing gd32f30x_timer.o(i.timer_automatic_output_enable), (10 bytes).
    Removing gd32f30x_timer.o(i.timer_autoreload_value_config), (4 bytes).
    Removing gd32f30x_timer.o(i.timer_break_config), (30 bytes).
    Removing gd32f30x_timer.o(i.timer_break_disable), (10 bytes).
    Removing gd32f30x_timer.o(i.timer_break_enable), (10 bytes).
    Removing gd32f30x_timer.o(i.timer_break_struct_para_init), (18 bytes).
    Removing gd32f30x_timer.o(i.timer_channel_capture_value_register_read), (42 bytes).
    Removing gd32f30x_timer.o(i.timer_channel_complementary_output_polarity_config), (70 bytes).
    Removing gd32f30x_timer.o(i.timer_channel_complementary_output_state_config), (70 bytes).
    Removing gd32f30x_timer.o(i.timer_channel_control_shadow_config), (24 bytes).
    Removing gd32f30x_timer.o(i.timer_channel_control_shadow_update_config), (26 bytes).
    Removing gd32f30x_timer.o(i.timer_channel_dma_request_source_select), (26 bytes).
    Removing gd32f30x_timer.o(i.timer_channel_input_capture_prescaler_config), (90 bytes).
    Removing gd32f30x_timer.o(i.timer_channel_input_struct_para_init), (16 bytes).
    Removing gd32f30x_timer.o(i.timer_channel_output_clear_config), (90 bytes).
    Removing gd32f30x_timer.o(i.timer_channel_output_config), (492 bytes).
    Removing gd32f30x_timer.o(i.timer_channel_output_fast_config), (90 bytes).
    Removing gd32f30x_timer.o(i.timer_channel_output_mode_config), (90 bytes).
    Removing gd32f30x_timer.o(i.timer_channel_output_polarity_config), (92 bytes).
    Removing gd32f30x_timer.o(i.timer_channel_output_pulse_value_config), (38 bytes).
    Removing gd32f30x_timer.o(i.timer_channel_output_shadow_config), (90 bytes).
    Removing gd32f30x_timer.o(i.timer_channel_output_state_config), (92 bytes).
    Removing gd32f30x_timer.o(i.timer_channel_output_struct_para_init), (16 bytes).
    Removing gd32f30x_timer.o(i.timer_counter_alignment), (16 bytes).
    Removing gd32f30x_timer.o(i.timer_counter_down_direction), (10 bytes).
    Removing gd32f30x_timer.o(i.timer_counter_read), (8 bytes).
    Removing gd32f30x_timer.o(i.timer_counter_up_direction), (10 bytes).
    Removing gd32f30x_timer.o(i.timer_counter_value_config), (4 bytes).
    Removing gd32f30x_timer.o(i.timer_deinit), (388 bytes).
    Removing gd32f30x_timer.o(i.timer_disable), (10 bytes).
    Removing gd32f30x_timer.o(i.timer_dma_disable), (8 bytes).
    Removing gd32f30x_timer.o(i.timer_dma_enable), (8 bytes).
    Removing gd32f30x_timer.o(i.timer_dma_transfer_config), (24 bytes).
    Removing gd32f30x_timer.o(i.timer_enable), (10 bytes).
    Removing gd32f30x_timer.o(i.timer_event_software_generate), (8 bytes).
    Removing gd32f30x_timer.o(i.timer_external_clock_mode0_config), (40 bytes).
    Removing gd32f30x_timer.o(i.timer_external_clock_mode1_config), (32 bytes).
    Removing gd32f30x_timer.o(i.timer_external_clock_mode1_disable), (10 bytes).
    Removing gd32f30x_timer.o(i.timer_external_trigger_as_external_clock_config), (166 bytes).
    Removing gd32f30x_timer.o(i.timer_external_trigger_config), (30 bytes).
    Removing gd32f30x_timer.o(i.timer_flag_clear), (6 bytes).
    Removing gd32f30x_timer.o(i.timer_flag_get), (16 bytes).
    Removing gd32f30x_timer.o(i.timer_hall_mode_config), (26 bytes).
    Removing gd32f30x_timer.o(i.timer_init), (152 bytes).
    Removing gd32f30x_timer.o(i.timer_input_capture_config), (326 bytes).
    Removing gd32f30x_timer.o(i.timer_input_pwm_capture_config), (356 bytes).
    Removing gd32f30x_timer.o(i.timer_input_trigger_source_select), (16 bytes).
    Removing gd32f30x_timer.o(i.timer_internal_clock_config), (10 bytes).
    Removing gd32f30x_timer.o(i.timer_internal_trigger_as_external_clock_config), (32 bytes).
    Removing gd32f30x_timer.o(i.timer_interrupt_disable), (8 bytes).
    Removing gd32f30x_timer.o(i.timer_interrupt_enable), (8 bytes).
    Removing gd32f30x_timer.o(i.timer_interrupt_flag_clear), (6 bytes).
    Removing gd32f30x_timer.o(i.timer_interrupt_flag_get), (24 bytes).
    Removing gd32f30x_timer.o(i.timer_master_output_trigger_source_select), (16 bytes).
    Removing gd32f30x_timer.o(i.timer_master_slave_mode_config), (26 bytes).
    Removing gd32f30x_timer.o(i.timer_output_value_selection_config), (34 bytes).
    Removing gd32f30x_timer.o(i.timer_prescaler_config), (14 bytes).
    Removing gd32f30x_timer.o(i.timer_prescaler_read), (10 bytes).
    Removing gd32f30x_timer.o(i.timer_primary_output_config), (24 bytes).
    Removing gd32f30x_timer.o(i.timer_quadrature_decoder_mode_config), (64 bytes).
    Removing gd32f30x_timer.o(i.timer_repetition_value_config), (4 bytes).
    Removing gd32f30x_timer.o(i.timer_single_pulse_mode_config), (26 bytes).
    Removing gd32f30x_timer.o(i.timer_slave_mode_select), (16 bytes).
    Removing gd32f30x_timer.o(i.timer_struct_para_init), (22 bytes).
    Removing gd32f30x_timer.o(i.timer_update_event_disable), (10 bytes).
    Removing gd32f30x_timer.o(i.timer_update_event_enable), (10 bytes).
    Removing gd32f30x_timer.o(i.timer_update_source_config), (26 bytes).
    Removing gd32f30x_timer.o(i.timer_write_chxval_register_config), (34 bytes).
    Removing gd32f30x_usart.o(.rev16_text), (4 bytes).
    Removing gd32f30x_usart.o(.revsh_text), (4 bytes).
    Removing gd32f30x_usart.o(i.usart_address_config), (20 bytes).
    Removing gd32f30x_usart.o(i.usart_block_length_config), (28 bytes).
    Removing gd32f30x_usart.o(i.usart_data_first_config), (20 bytes).
    Removing gd32f30x_usart.o(i.usart_dma_receive_config), (16 bytes).
    Removing gd32f30x_usart.o(i.usart_dma_transmit_config), (16 bytes).
    Removing gd32f30x_usart.o(i.usart_flag_clear), (26 bytes).
    Removing gd32f30x_usart.o(i.usart_guard_time_config), (24 bytes).
    Removing gd32f30x_usart.o(i.usart_halfduplex_disable), (10 bytes).
    Removing gd32f30x_usart.o(i.usart_halfduplex_enable), (10 bytes).
    Removing gd32f30x_usart.o(i.usart_hardware_flow_cts_config), (16 bytes).
    Removing gd32f30x_usart.o(i.usart_hardware_flow_rts_config), (16 bytes).
    Removing gd32f30x_usart.o(i.usart_interrupt_disable), (26 bytes).
    Removing gd32f30x_usart.o(i.usart_interrupt_flag_clear), (26 bytes).
    Removing gd32f30x_usart.o(i.usart_interrupt_flag_get), (56 bytes).
    Removing gd32f30x_usart.o(i.usart_invert_config), (104 bytes).
    Removing gd32f30x_usart.o(i.usart_irda_lowpower_config), (20 bytes).
    Removing gd32f30x_usart.o(i.usart_irda_mode_disable), (10 bytes).
    Removing gd32f30x_usart.o(i.usart_irda_mode_enable), (10 bytes).
    Removing gd32f30x_usart.o(i.usart_lin_break_detection_length_config), (20 bytes).
    Removing gd32f30x_usart.o(i.usart_lin_mode_disable), (10 bytes).
    Removing gd32f30x_usart.o(i.usart_lin_mode_enable), (10 bytes).
    Removing gd32f30x_usart.o(i.usart_mute_mode_disable), (10 bytes).
    Removing gd32f30x_usart.o(i.usart_mute_mode_enable), (10 bytes).
    Removing gd32f30x_usart.o(i.usart_mute_mode_wakeup_config), (16 bytes).
    Removing gd32f30x_usart.o(i.usart_prescaler_config), (16 bytes).
    Removing gd32f30x_usart.o(i.usart_receiver_timeout_disable), (14 bytes).
    Removing gd32f30x_usart.o(i.usart_receiver_timeout_enable), (14 bytes).
    Removing gd32f30x_usart.o(i.usart_receiver_timeout_threshold_config), (20 bytes).
    Removing gd32f30x_usart.o(i.usart_send_break), (10 bytes).
    Removing gd32f30x_usart.o(i.usart_smartcard_autoretry_config), (26 bytes).
    Removing gd32f30x_usart.o(i.usart_smartcard_mode_disable), (10 bytes).
    Removing gd32f30x_usart.o(i.usart_smartcard_mode_enable), (10 bytes).
    Removing gd32f30x_usart.o(i.usart_smartcard_mode_nack_disable), (10 bytes).
    Removing gd32f30x_usart.o(i.usart_smartcard_mode_nack_enable), (10 bytes).
    Removing gd32f30x_usart.o(i.usart_synchronous_clock_config), (34 bytes).
    Removing gd32f30x_usart.o(i.usart_synchronous_clock_disable), (10 bytes).
    Removing gd32f30x_usart.o(i.usart_synchronous_clock_enable), (10 bytes).
    Removing gd32f30x_wwdgt.o(.rev16_text), (4 bytes).
    Removing gd32f30x_wwdgt.o(.revsh_text), (4 bytes).
    Removing gd32f30x_wwdgt.o(i.wwdgt_flag_clear), (20 bytes).
    Removing gd32f30x_wwdgt.o(i.wwdgt_flag_get), (24 bytes).
    Removing gd32f30x_wwdgt.o(i.wwdgt_interrupt_enable), (20 bytes).
    Removing dadd.o(.text), (334 bytes).
    Removing dmul.o(.text), (228 bytes).
    Removing ddiv.o(.text), (222 bytes).
    Removing dfixul.o(.text), (48 bytes).
    Removing cdrcmple.o(.text), (48 bytes).
    Removing depilogue.o(.text), (186 bytes).

742 unused section(s) (total 47496 bytes) removed from the image.

==============================================================================

Image Symbol Table

    Local Symbols

    Symbol Name                              Value     Ov Type        Size  Object(Section)

    ../clib/microlib/division.c              0x00000000   Number         0  uidiv.o ABSOLUTE
    ../clib/microlib/division.c              0x00000000   Number         0  uldiv.o ABSOLUTE
    ../clib/microlib/init/entry.s            0x00000000   Number         0  entry10a.o ABSOLUTE
    ../clib/microlib/init/entry.s            0x00000000   Number         0  entry8a.o ABSOLUTE
    ../clib/microlib/init/entry.s            0x00000000   Number         0  entry9b.o ABSOLUTE
    ../clib/microlib/init/entry.s            0x00000000   Number         0  entry.o ABSOLUTE
    ../clib/microlib/init/entry.s            0x00000000   Number         0  entry8b.o ABSOLUTE
    ../clib/microlib/init/entry.s            0x00000000   Number         0  entry9a.o ABSOLUTE
    ../clib/microlib/init/entry.s            0x00000000   Number         0  entry10b.o ABSOLUTE
    ../clib/microlib/init/entry.s            0x00000000   Number         0  entry2.o ABSOLUTE
    ../clib/microlib/init/entry.s            0x00000000   Number         0  entry5.o ABSOLUTE
    ../clib/microlib/init/entry.s            0x00000000   Number         0  entry11b.o ABSOLUTE
    ../clib/microlib/init/entry.s            0x00000000   Number         0  entry7a.o ABSOLUTE
    ../clib/microlib/init/entry.s            0x00000000   Number         0  entry11a.o ABSOLUTE
    ../clib/microlib/init/entry.s            0x00000000   Number         0  entry7b.o ABSOLUTE
    ../clib/microlib/longlong.c              0x00000000   Number         0  llshl.o ABSOLUTE
    ../clib/microlib/longlong.c              0x00000000   Number         0  llsshr.o ABSOLUTE
    ../clib/microlib/longlong.c              0x00000000   Number         0  llushr.o ABSOLUTE
    ../clib/microlib/malloc/calloc.c         0x00000000   Number         0  calloc.o ABSOLUTE
    ../clib/microlib/malloc/malloc.c         0x00000000   Number         0  malloc.o ABSOLUTE
    ../clib/microlib/malloc/malloc.c         0x00000000   Number         0  mallocr.o ABSOLUTE
    ../clib/microlib/malloc/malloc.c         0x00000000   Number         0  malloca.o ABSOLUTE
    ../clib/microlib/malloc/malloc.c         0x00000000   Number         0  mallocra.o ABSOLUTE
    ../clib/microlib/malloc/mvars.c          0x00000000   Number         0  mvars.o ABSOLUTE
    ../clib/microlib/printf/printf.c         0x00000000   Number         0  printf5.o ABSOLUTE
    ../clib/microlib/printf/printf.c         0x00000000   Number         0  printfa.o ABSOLUTE
    ../clib/microlib/printf/printf.c         0x00000000   Number         0  printf8.o ABSOLUTE
    ../clib/microlib/printf/printf.c         0x00000000   Number         0  printf7.o ABSOLUTE
    ../clib/microlib/printf/printf.c         0x00000000   Number         0  printf6.o ABSOLUTE
    ../clib/microlib/printf/printf.c         0x00000000   Number         0  printf4.o ABSOLUTE
    ../clib/microlib/printf/printf.c         0x00000000   Number         0  printf3.o ABSOLUTE
    ../clib/microlib/printf/printf.c         0x00000000   Number         0  printf2.o ABSOLUTE
    ../clib/microlib/printf/printf.c         0x00000000   Number         0  printf1.o ABSOLUTE
    ../clib/microlib/printf/printf.c         0x00000000   Number         0  printf0.o ABSOLUTE
    ../clib/microlib/printf/printf.c         0x00000000   Number         0  printfb.o ABSOLUTE
    ../clib/microlib/stdio/streams.c         0x00000000   Number         0  stdout.o ABSOLUTE
    ../clib/microlib/string/memcpy.c         0x00000000   Number         0  memcpyb.o ABSOLUTE
    ../clib/microlib/string/memcpy.c         0x00000000   Number         0  memcpya.o ABSOLUTE
    ../clib/microlib/string/memset.c         0x00000000   Number         0  memseta.o ABSOLUTE
    ../clib/microlib/string/strlen.c         0x00000000   Number         0  strlen.o ABSOLUTE
    ../clib/microlib/stubs.s                 0x00000000   Number         0  iusefp.o ABSOLUTE
    ../fplib/microlib/fpadd.c                0x00000000   Number         0  dadd.o ABSOLUTE
    ../fplib/microlib/fpdiv.c                0x00000000   Number         0  ddiv.o ABSOLUTE
    ../fplib/microlib/fpepilogue.c           0x00000000   Number         0  depilogue.o ABSOLUTE
    ../fplib/microlib/fpfix.c                0x00000000   Number         0  dfixul.o ABSOLUTE
    ../fplib/microlib/fpmul.c                0x00000000   Number         0  dmul.o ABSOLUTE
    Application\Demo1_GPIO\demo1_GPIO.c      0x00000000   Number         0  demo1_gpio.o ABSOLUTE
    Application\Demo2_USART\Demo2_USART.c    0x00000000   Number         0  demo2_usart.o ABSOLUTE
    Application\Demo4_WWDG\Demo4_WWDG.c      0x00000000   Number         0  demo4_wwdg.o ABSOLUTE
    Application\\Demo1_GPIO\\demo1_GPIO.c    0x00000000   Number         0  demo1_gpio.o ABSOLUTE
    Application\\Demo2_USART\\Demo2_USART.c  0x00000000   Number         0  demo2_usart.o ABSOLUTE
    Application\\Demo4_WWDG\\Demo4_WWDG.c    0x00000000   Number         0  demo4_wwdg.o ABSOLUTE
    Core\CMSIS\startup_gd32f30x_cl.s         0x00000000   Number         0  startup_gd32f30x_cl.o ABSOLUTE
    Core\CMSIS\system_gd32f30x.c             0x00000000   Number         0  system_gd32f30x.o ABSOLUTE
    Core\\CMSIS\\system_gd32f30x.c           0x00000000   Number         0  system_gd32f30x.o ABSOLUTE
    Core\\gd32f30x_it.c                      0x00000000   Number         0  gd32f30x_it.o ABSOLUTE
    Core\\main.c                             0x00000000   Number         0  main.o ABSOLUTE
    Core\\systick.c                          0x00000000   Number         0  systick.o ABSOLUTE
    Core\gd32f30x_it.c                       0x00000000   Number         0  gd32f30x_it.o ABSOLUTE
    Core\main.c                              0x00000000   Number         0  main.o ABSOLUTE
    Core\systick.c                           0x00000000   Number         0  systick.o ABSOLUTE
    FramewareLibrary\Source\gd32f30x_adc.c   0x00000000   Number         0  gd32f30x_adc.o ABSOLUTE
    FramewareLibrary\Source\gd32f30x_bkp.c   0x00000000   Number         0  gd32f30x_bkp.o ABSOLUTE
    FramewareLibrary\Source\gd32f30x_can.c   0x00000000   Number         0  gd32f30x_can.o ABSOLUTE
    FramewareLibrary\Source\gd32f30x_crc.c   0x00000000   Number         0  gd32f30x_crc.o ABSOLUTE
    FramewareLibrary\Source\gd32f30x_ctc.c   0x00000000   Number         0  gd32f30x_ctc.o ABSOLUTE
    FramewareLibrary\Source\gd32f30x_dac.c   0x00000000   Number         0  gd32f30x_dac.o ABSOLUTE
    FramewareLibrary\Source\gd32f30x_dbg.c   0x00000000   Number         0  gd32f30x_dbg.o ABSOLUTE
    FramewareLibrary\Source\gd32f30x_dma.c   0x00000000   Number         0  gd32f30x_dma.o ABSOLUTE
    FramewareLibrary\Source\gd32f30x_enet.c  0x00000000   Number         0  gd32f30x_enet.o ABSOLUTE
    FramewareLibrary\Source\gd32f30x_exmc.c  0x00000000   Number         0  gd32f30x_exmc.o ABSOLUTE
    FramewareLibrary\Source\gd32f30x_exti.c  0x00000000   Number         0  gd32f30x_exti.o ABSOLUTE
    FramewareLibrary\Source\gd32f30x_fmc.c   0x00000000   Number         0  gd32f30x_fmc.o ABSOLUTE
    FramewareLibrary\Source\gd32f30x_fwdgt.c 0x00000000   Number         0  gd32f30x_fwdgt.o ABSOLUTE
    FramewareLibrary\Source\gd32f30x_gpio.c  0x00000000   Number         0  gd32f30x_gpio.o ABSOLUTE
    FramewareLibrary\Source\gd32f30x_i2c.c   0x00000000   Number         0  gd32f30x_i2c.o ABSOLUTE
    FramewareLibrary\Source\gd32f30x_misc.c  0x00000000   Number         0  gd32f30x_misc.o ABSOLUTE
    FramewareLibrary\Source\gd32f30x_pmu.c   0x00000000   Number         0  gd32f30x_pmu.o ABSOLUTE
    FramewareLibrary\Source\gd32f30x_rcu.c   0x00000000   Number         0  gd32f30x_rcu.o ABSOLUTE
    FramewareLibrary\Source\gd32f30x_rtc.c   0x00000000   Number         0  gd32f30x_rtc.o ABSOLUTE
    FramewareLibrary\Source\gd32f30x_sdio.c  0x00000000   Number         0  gd32f30x_sdio.o ABSOLUTE
    FramewareLibrary\Source\gd32f30x_spi.c   0x00000000   Number         0  gd32f30x_spi.o ABSOLUTE
    FramewareLibrary\Source\gd32f30x_timer.c 0x00000000   Number         0  gd32f30x_timer.o ABSOLUTE
    FramewareLibrary\Source\gd32f30x_usart.c 0x00000000   Number         0  gd32f30x_usart.o ABSOLUTE
    FramewareLibrary\Source\gd32f30x_wwdgt.c 0x00000000   Number         0  gd32f30x_wwdgt.o ABSOLUTE
    FramewareLibrary\\Source\\gd32f30x_adc.c 0x00000000   Number         0  gd32f30x_adc.o ABSOLUTE
    FramewareLibrary\\Source\\gd32f30x_bkp.c 0x00000000   Number         0  gd32f30x_bkp.o ABSOLUTE
    FramewareLibrary\\Source\\gd32f30x_can.c 0x00000000   Number         0  gd32f30x_can.o ABSOLUTE
    FramewareLibrary\\Source\\gd32f30x_crc.c 0x00000000   Number         0  gd32f30x_crc.o ABSOLUTE
    FramewareLibrary\\Source\\gd32f30x_ctc.c 0x00000000   Number         0  gd32f30x_ctc.o ABSOLUTE
    FramewareLibrary\\Source\\gd32f30x_dac.c 0x00000000   Number         0  gd32f30x_dac.o ABSOLUTE
    FramewareLibrary\\Source\\gd32f30x_dbg.c 0x00000000   Number         0  gd32f30x_dbg.o ABSOLUTE
    FramewareLibrary\\Source\\gd32f30x_dma.c 0x00000000   Number         0  gd32f30x_dma.o ABSOLUTE
    FramewareLibrary\\Source\\gd32f30x_enet.c 0x00000000   Number         0  gd32f30x_enet.o ABSOLUTE
    FramewareLibrary\\Source\\gd32f30x_exmc.c 0x00000000   Number         0  gd32f30x_exmc.o ABSOLUTE
    FramewareLibrary\\Source\\gd32f30x_exti.c 0x00000000   Number         0  gd32f30x_exti.o ABSOLUTE
    FramewareLibrary\\Source\\gd32f30x_fmc.c 0x00000000   Number         0  gd32f30x_fmc.o ABSOLUTE
    FramewareLibrary\\Source\\gd32f30x_fwdgt.c 0x00000000   Number         0  gd32f30x_fwdgt.o ABSOLUTE
    FramewareLibrary\\Source\\gd32f30x_gpio.c 0x00000000   Number         0  gd32f30x_gpio.o ABSOLUTE
    FramewareLibrary\\Source\\gd32f30x_i2c.c 0x00000000   Number         0  gd32f30x_i2c.o ABSOLUTE
    FramewareLibrary\\Source\\gd32f30x_misc.c 0x00000000   Number         0  gd32f30x_misc.o ABSOLUTE
    FramewareLibrary\\Source\\gd32f30x_pmu.c 0x00000000   Number         0  gd32f30x_pmu.o ABSOLUTE
    FramewareLibrary\\Source\\gd32f30x_rcu.c 0x00000000   Number         0  gd32f30x_rcu.o ABSOLUTE
    FramewareLibrary\\Source\\gd32f30x_rtc.c 0x00000000   Number         0  gd32f30x_rtc.o ABSOLUTE
    FramewareLibrary\\Source\\gd32f30x_sdio.c 0x00000000   Number         0  gd32f30x_sdio.o ABSOLUTE
    FramewareLibrary\\Source\\gd32f30x_spi.c 0x00000000   Number         0  gd32f30x_spi.o ABSOLUTE
    FramewareLibrary\\Source\\gd32f30x_timer.c 0x00000000   Number         0  gd32f30x_timer.o ABSOLUTE
    FramewareLibrary\\Source\\gd32f30x_usart.c 0x00000000   Number         0  gd32f30x_usart.o ABSOLUTE
    FramewareLibrary\\Source\\gd32f30x_wwdgt.c 0x00000000   Number         0  gd32f30x_wwdgt.o ABSOLUTE
    Framework\GPIO\Port.c                    0x00000000   Number         0  port.o ABSOLUTE
    Framework\USART\usart.c                  0x00000000   Number         0  usart.o ABSOLUTE
    Framework\\GPIO\\Port.c                  0x00000000   Number         0  port.o ABSOLUTE
    Framework\\USART\\usart.c                0x00000000   Number         0  usart.o ABSOLUTE
    cdrcmple.s                               0x00000000   Number         0  cdrcmple.o ABSOLUTE
    dc.s                                     0x00000000   Number         0  dc.o ABSOLUTE
    handlers.s                               0x00000000   Number         0  handlers.o ABSOLUTE
    init.s                                   0x00000000   Number         0  init.o ABSOLUTE
    RESET                                    0x08000000   Section      336  startup_gd32f30x_cl.o(RESET)
    .ARM.Collect$$$$00000000                 0x08000150   Section        0  entry.o(.ARM.Collect$$$$00000000)
    .ARM.Collect$$$$00000001                 0x08000150   Section        4  entry2.o(.ARM.Collect$$$$00000001)
    .ARM.Collect$$$$00000004                 0x08000154   Section        4  entry5.o(.ARM.Collect$$$$00000004)
    .ARM.Collect$$$$00000008                 0x08000158   Section        0  entry7b.o(.ARM.Collect$$$$00000008)
    .ARM.Collect$$$$0000000A                 0x08000158   Section        0  entry8b.o(.ARM.Collect$$$$0000000A)
    .ARM.Collect$$$$0000000B                 0x08000158   Section        8  entry9a.o(.ARM.Collect$$$$0000000B)
    .ARM.Collect$$$$0000000D                 0x08000160   Section        0  entry10a.o(.ARM.Collect$$$$0000000D)
    .ARM.Collect$$$$0000000F                 0x08000160   Section        0  entry11a.o(.ARM.Collect$$$$0000000F)
    .ARM.Collect$$$$00002712                 0x08000160   Section        4  entry2.o(.ARM.Collect$$$$00002712)
    __lit__00000000                          0x08000160   Data           4  entry2.o(.ARM.Collect$$$$00002712)
    .text                                    0x08000164   Section       36  startup_gd32f30x_cl.o(.text)
    $v0                                      0x08000164   Number         0  startup_gd32f30x_cl.o(.text)
    .text                                    0x08000188   Section        0  memseta.o(.text)
    .text                                    0x080001ac   Section        0  strlen.o(.text)
    .text                                    0x080001ba   Section        0  calloc.o(.text)
    .text                                    0x080001d8   Section       36  init.o(.text)
    i.BusFault_Handler                       0x080001fc   Section        0  gd32f30x_it.o(i.BusFault_Handler)
    i.DebugMon_Handler                       0x08000200   Section        0  gd32f30x_it.o(i.DebugMon_Handler)
    i.GPIO_Port_Logout                       0x08000202   Section        0  port.o(i.GPIO_Port_Logout)
    i.GPIO_Port_Read                         0x08000216   Section        0  port.o(i.GPIO_Port_Read)
    i.GPIO_Port_Write                        0x0800022c   Section        0  port.o(i.GPIO_Port_Write)
    i.HardFault_Handler                      0x08000248   Section        0  gd32f30x_it.o(i.HardFault_Handler)
    i.Loop                                   0x0800024c   Section        0  demo4_wwdg.o(i.Loop)
    i.MemManage_Handler                      0x080002ac   Section        0  gd32f30x_it.o(i.MemManage_Handler)
    i.NMI_Handler                            0x080002b0   Section        0  gd32f30x_it.o(i.NMI_Handler)
    i.NVIC_SetPriority                       0x080002b4   Section        0  systick.o(i.NVIC_SetPriority)
    NVIC_SetPriority                         0x080002b5   Thumb Code    32  systick.o(i.NVIC_SetPriority)
    i.OnSystemStartup                        0x080002dc   Section        0  demo4_wwdg.o(i.OnSystemStartup)
    i.PendSV_Handler                         0x080003e8   Section        0  gd32f30x_it.o(i.PendSV_Handler)
    i.Port_Register                          0x080003ec   Section        0  port.o(i.Port_Register)
    i.Port_Remap_Enable                      0x08000438   Section        0  port.o(i.Port_Remap_Enable)
    i.SVC_Handler                            0x08000446   Section        0  gd32f30x_it.o(i.SVC_Handler)
    i.SysTick_Handler                        0x08000448   Section        0  gd32f30x_it.o(i.SysTick_Handler)
    i.SystemInit                             0x08000450   Section        0  system_gd32f30x.o(i.SystemInit)
    i.USART0_IRQHandler                      0x080004c0   Section        0  usart.o(i.USART0_IRQHandler)
    i.USART_BindingPrintf                    0x08000568   Section        0  usart.o(i.USART_BindingPrintf)
    i.USART_Close                            0x08000574   Section        0  usart.o(i.USART_Close)
    i.USART_Deinit                           0x08000588   Section        0  usart.o(i.USART_Deinit)
    i.USART_GetUsartIndex                    0x08000594   Section        0  usart.o(i.USART_GetUsartIndex)
    i.USART_Init                             0x080005bc   Section        0  usart.o(i.USART_Init)
    i.USART_Open                             0x08000660   Section        0  usart.o(i.USART_Open)
    i.USART_Register                         0x08000674   Section        0  usart.o(i.USART_Register)
    i.USATR_EnableReceive                    0x0800075c   Section        0  usart.o(i.USATR_EnableReceive)
    i.USATR_Read                             0x08000774   Section        0  usart.o(i.USATR_Read)
    i.USATR_ReadOfSign                       0x080007e4   Section        0  usart.o(i.USATR_ReadOfSign)
    i.USATR_SendByte                         0x080008b6   Section        0  usart.o(i.USATR_SendByte)
    i.USATR_SendBytes                        0x080008d4   Section        0  usart.o(i.USATR_SendBytes)
    i.USATR_SendString                       0x080008f8   Section        0  usart.o(i.USATR_SendString)
    i.UsageFault_Handler                     0x08000914   Section        0  gd32f30x_it.o(i.UsageFault_Handler)
    i.__0printf$bare                         0x08000918   Section        0  printfb.o(i.__0printf$bare)
    i.__scatterload_copy                     0x08000928   Section       14  handlers.o(i.__scatterload_copy)
    i.__scatterload_null                     0x08000936   Section        2  handlers.o(i.__scatterload_null)
    i.__scatterload_zeroinit                 0x08000938   Section       14  handlers.o(i.__scatterload_zeroinit)
    i._printf_core                           0x08000946   Section        0  printfb.o(i._printf_core)
    _printf_core                             0x08000947   Thumb Code    34  printfb.o(i._printf_core)
    i.delay_1ms                              0x08000968   Section        0  systick.o(i.delay_1ms)
    i.delay_decrement                        0x0800097c   Section        0  systick.o(i.delay_decrement)
    i.fputc                                  0x080009a0   Section        0  usart.o(i.fputc)
    i.free                                   0x080009c8   Section        0  malloc.o(i.free)
    i.gpio_bit_reset                         0x08000a18   Section        0  gd32f30x_gpio.o(i.gpio_bit_reset)
    i.gpio_bit_set                           0x08000a1c   Section        0  gd32f30x_gpio.o(i.gpio_bit_set)
    i.gpio_init                              0x08000a20   Section        0  gd32f30x_gpio.o(i.gpio_init)
    i.gpio_input_bit_get                     0x08000adc   Section        0  gd32f30x_gpio.o(i.gpio_input_bit_get)
    i.gpio_pin_remap_config                  0x08000aec   Section        0  gd32f30x_gpio.o(i.gpio_pin_remap_config)
    i.main                                   0x08000b7c   Section        0  main.o(i.main)
    i.malloc                                 0x08000b8c   Section        0  malloc.o(i.malloc)
    i.nvic_irq_enable                        0x08000bf8   Section        0  gd32f30x_misc.o(i.nvic_irq_enable)
    i.nvic_priority_group_set                0x08000cbc   Section        0  gd32f30x_misc.o(i.nvic_priority_group_set)
    i.rcu_apb1_clock_config                  0x08000cd0   Section        0  gd32f30x_rcu.o(i.rcu_apb1_clock_config)
    i.rcu_clock_freq_get                     0x08000ce8   Section        0  gd32f30x_rcu.o(i.rcu_clock_freq_get)
    i.rcu_periph_clock_enable                0x08000e88   Section        0  gd32f30x_rcu.o(i.rcu_periph_clock_enable)
    i.rcu_periph_reset_disable               0x08000ea8   Section        0  gd32f30x_rcu.o(i.rcu_periph_reset_disable)
    i.rcu_periph_reset_enable                0x08000ec8   Section        0  gd32f30x_rcu.o(i.rcu_periph_reset_enable)
    i.system_clock_120m_hxtal                0x08000ee8   Section        0  system_gd32f30x.o(i.system_clock_120m_hxtal)
    system_clock_120m_hxtal                  0x08000ee9   Thumb Code   288  system_gd32f30x.o(i.system_clock_120m_hxtal)
    i.system_clock_config                    0x08001020   Section        0  system_gd32f30x.o(i.system_clock_config)
    system_clock_config                      0x08001021   Thumb Code     8  system_gd32f30x.o(i.system_clock_config)
    i.systick_config                         0x08001028   Section        0  systick.o(i.systick_config)
    i.usart_baudrate_set                     0x08001080   Section        0  gd32f30x_usart.o(i.usart_baudrate_set)
    i.usart_data_receive                     0x08001110   Section        0  gd32f30x_usart.o(i.usart_data_receive)
    i.usart_data_transmit                    0x0800111a   Section        0  gd32f30x_usart.o(i.usart_data_transmit)
    i.usart_deinit                           0x08001124   Section        0  gd32f30x_usart.o(i.usart_deinit)
    i.usart_disable                          0x080011b4   Section        0  gd32f30x_usart.o(i.usart_disable)
    i.usart_enable                           0x080011be   Section        0  gd32f30x_usart.o(i.usart_enable)
    i.usart_flag_get                         0x080011c8   Section        0  gd32f30x_usart.o(i.usart_flag_get)
    i.usart_interrupt_enable                 0x080011e6   Section        0  gd32f30x_usart.o(i.usart_interrupt_enable)
    i.usart_parity_config                    0x08001200   Section        0  gd32f30x_usart.o(i.usart_parity_config)
    i.usart_receive_config                   0x08001210   Section        0  gd32f30x_usart.o(i.usart_receive_config)
    i.usart_stop_bit_set                     0x08001220   Section        0  gd32f30x_usart.o(i.usart_stop_bit_set)
    i.usart_transmit_config                  0x08001230   Section        0  gd32f30x_usart.o(i.usart_transmit_config)
    i.usart_word_length_set                  0x08001240   Section        0  gd32f30x_usart.o(i.usart_word_length_set)
    i.wwdgt_config                           0x08001250   Section        0  gd32f30x_wwdgt.o(i.wwdgt_config)
    i.wwdgt_counter_update                   0x08001288   Section        0  gd32f30x_wwdgt.o(i.wwdgt_counter_update)
    i.wwdgt_deinit                           0x080012a4   Section        0  gd32f30x_wwdgt.o(i.wwdgt_deinit)
    i.wwdgt_enable                           0x080012b8   Section        0  gd32f30x_wwdgt.o(i.wwdgt_enable)
    .data                                    0x20000000   Section        4  system_gd32f30x.o(.data)
    .data                                    0x20000004   Section        8  systick.o(.data)
    delay                                    0x20000004   Data           4  systick.o(.data)
    .data                                    0x2000000c   Section       16  demo4_wwdg.o(.data)
    count                                    0x20000018   Data           4  demo4_wwdg.o(.data)
    .data                                    0x2000001c   Section       20  usart.o(.data)
    PrintUsart                               0x2000001c   Data           4  usart.o(.data)
    .data                                    0x20000030   Section        4  stdout.o(.data)
    .data                                    0x20000034   Section        4  mvars.o(.data)
    .data                                    0x20000038   Section        4  mvars.o(.data)
    .bss                                     0x2000003c   Section       20  usart.o(.bss)
    HEAP                                     0x20000050   Section     1024  startup_gd32f30x_cl.o(HEAP)
    STACK                                    0x20000450   Section     1024  startup_gd32f30x_cl.o(STACK)

    Global Symbols

    Symbol Name                              Value     Ov Type        Size  Object(Section)

    BuildAttributes$$THM_ISAv4$E$P$D$K$B$S$7EM$VFPi3$EXTD16$VFPS$VFMA$PE$A:L22UL41UL21$X:L11$S22US41US21$IEEE1$IW$USESV6$~STKCKD$USESV7$~SHL$OSPACE$ROPI$EBA8$MICROLIB$REQ8$PRES8$EABIv2 0x00000000   Number         0  anon$$obj.o ABSOLUTE
    __ARM_use_no_argv                        0x00000000   Number         0  main.o ABSOLUTE
    __cpp_initialize__aeabi_                  - Undefined Weak Reference
    __cxa_finalize                            - Undefined Weak Reference
    __decompress                              - Undefined Weak Reference
    _clock_init                               - Undefined Weak Reference
    _microlib_exit                            - Undefined Weak Reference
    __Vectors_Size                           0x00000150   Number         0  startup_gd32f30x_cl.o ABSOLUTE
    __Vectors                                0x08000000   Data           4  startup_gd32f30x_cl.o(RESET)
    __Vectors_End                            0x08000150   Data           0  startup_gd32f30x_cl.o(RESET)
    __main                                   0x08000151   Thumb Code     0  entry.o(.ARM.Collect$$$$00000000)
    _main_stk                                0x08000151   Thumb Code     0  entry2.o(.ARM.Collect$$$$00000001)
    _main_scatterload                        0x08000155   Thumb Code     0  entry5.o(.ARM.Collect$$$$00000004)
    __main_after_scatterload                 0x08000159   Thumb Code     0  entry5.o(.ARM.Collect$$$$00000004)
    _main_clock                              0x08000159   Thumb Code     0  entry7b.o(.ARM.Collect$$$$00000008)
    _main_cpp_init                           0x08000159   Thumb Code     0  entry8b.o(.ARM.Collect$$$$0000000A)
    _main_init                               0x08000159   Thumb Code     0  entry9a.o(.ARM.Collect$$$$0000000B)
    __rt_final_cpp                           0x08000161   Thumb Code     0  entry10a.o(.ARM.Collect$$$$0000000D)
    __rt_final_exit                          0x08000161   Thumb Code     0  entry11a.o(.ARM.Collect$$$$0000000F)
    Reset_Handler                            0x08000165   Thumb Code     8  startup_gd32f30x_cl.o(.text)
    ADC0_1_IRQHandler                        0x0800017f   Thumb Code     0  startup_gd32f30x_cl.o(.text)
    CAN0_EWMC_IRQHandler                     0x0800017f   Thumb Code     0  startup_gd32f30x_cl.o(.text)
    CAN0_RX0_IRQHandler                      0x0800017f   Thumb Code     0  startup_gd32f30x_cl.o(.text)
    CAN0_RX1_IRQHandler                      0x0800017f   Thumb Code     0  startup_gd32f30x_cl.o(.text)
    CAN0_TX_IRQHandler                       0x0800017f   Thumb Code     0  startup_gd32f30x_cl.o(.text)
    CAN1_EWMC_IRQHandler                     0x0800017f   Thumb Code     0  startup_gd32f30x_cl.o(.text)
    CAN1_RX0_IRQHandler                      0x0800017f   Thumb Code     0  startup_gd32f30x_cl.o(.text)
    CAN1_RX1_IRQHandler                      0x0800017f   Thumb Code     0  startup_gd32f30x_cl.o(.text)
    CAN1_TX_IRQHandler                       0x0800017f   Thumb Code     0  startup_gd32f30x_cl.o(.text)
    DMA0_Channel0_IRQHandler                 0x0800017f   Thumb Code     0  startup_gd32f30x_cl.o(.text)
    DMA0_Channel1_IRQHandler                 0x0800017f   Thumb Code     0  startup_gd32f30x_cl.o(.text)
    DMA0_Channel2_IRQHandler                 0x0800017f   Thumb Code     0  startup_gd32f30x_cl.o(.text)
    DMA0_Channel3_IRQHandler                 0x0800017f   Thumb Code     0  startup_gd32f30x_cl.o(.text)
    DMA0_Channel4_IRQHandler                 0x0800017f   Thumb Code     0  startup_gd32f30x_cl.o(.text)
    DMA0_Channel5_IRQHandler                 0x0800017f   Thumb Code     0  startup_gd32f30x_cl.o(.text)
    DMA0_Channel6_IRQHandler                 0x0800017f   Thumb Code     0  startup_gd32f30x_cl.o(.text)
    DMA1_Channel0_IRQHandler                 0x0800017f   Thumb Code     0  startup_gd32f30x_cl.o(.text)
    DMA1_Channel1_IRQHandler                 0x0800017f   Thumb Code     0  startup_gd32f30x_cl.o(.text)
    DMA1_Channel2_IRQHandler                 0x0800017f   Thumb Code     0  startup_gd32f30x_cl.o(.text)
    DMA1_Channel3_IRQHandler                 0x0800017f   Thumb Code     0  startup_gd32f30x_cl.o(.text)
    DMA1_Channel4_IRQHandler                 0x0800017f   Thumb Code     0  startup_gd32f30x_cl.o(.text)
    ENET_IRQHandler                          0x0800017f   Thumb Code     0  startup_gd32f30x_cl.o(.text)
    ENET_WKUP_IRQHandler                     0x0800017f   Thumb Code     0  startup_gd32f30x_cl.o(.text)
    EXMC_IRQHandler                          0x0800017f   Thumb Code     0  startup_gd32f30x_cl.o(.text)
    EXTI0_IRQHandler                         0x0800017f   Thumb Code     0  startup_gd32f30x_cl.o(.text)
    EXTI10_15_IRQHandler                     0x0800017f   Thumb Code     0  startup_gd32f30x_cl.o(.text)
    EXTI1_IRQHandler                         0x0800017f   Thumb Code     0  startup_gd32f30x_cl.o(.text)
    EXTI2_IRQHandler                         0x0800017f   Thumb Code     0  startup_gd32f30x_cl.o(.text)
    EXTI3_IRQHandler                         0x0800017f   Thumb Code     0  startup_gd32f30x_cl.o(.text)
    EXTI4_IRQHandler                         0x0800017f   Thumb Code     0  startup_gd32f30x_cl.o(.text)
    EXTI5_9_IRQHandler                       0x0800017f   Thumb Code     0  startup_gd32f30x_cl.o(.text)
    FMC_IRQHandler                           0x0800017f   Thumb Code     0  startup_gd32f30x_cl.o(.text)
    I2C0_ER_IRQHandler                       0x0800017f   Thumb Code     0  startup_gd32f30x_cl.o(.text)
    I2C0_EV_IRQHandler                       0x0800017f   Thumb Code     0  startup_gd32f30x_cl.o(.text)
    I2C1_ER_IRQHandler                       0x0800017f   Thumb Code     0  startup_gd32f30x_cl.o(.text)
    I2C1_EV_IRQHandler                       0x0800017f   Thumb Code     0  startup_gd32f30x_cl.o(.text)
    LVD_IRQHandler                           0x0800017f   Thumb Code     0  startup_gd32f30x_cl.o(.text)
    RCU_CTC_IRQHandler                       0x0800017f   Thumb Code     0  startup_gd32f30x_cl.o(.text)
    RTC_Alarm_IRQHandler                     0x0800017f   Thumb Code     0  startup_gd32f30x_cl.o(.text)
    RTC_IRQHandler                           0x0800017f   Thumb Code     0  startup_gd32f30x_cl.o(.text)
    SPI0_IRQHandler                          0x0800017f   Thumb Code     0  startup_gd32f30x_cl.o(.text)
    SPI1_IRQHandler                          0x0800017f   Thumb Code     0  startup_gd32f30x_cl.o(.text)
    SPI2_IRQHandler                          0x0800017f   Thumb Code     0  startup_gd32f30x_cl.o(.text)
    TAMPER_IRQHandler                        0x0800017f   Thumb Code     0  startup_gd32f30x_cl.o(.text)
    TIMER0_BRK_TIMER8_IRQHandler             0x0800017f   Thumb Code     0  startup_gd32f30x_cl.o(.text)
    TIMER0_Channel_IRQHandler                0x0800017f   Thumb Code     0  startup_gd32f30x_cl.o(.text)
    TIMER0_TRG_CMT_TIMER10_IRQHandler        0x0800017f   Thumb Code     0  startup_gd32f30x_cl.o(.text)
    TIMER0_UP_TIMER9_IRQHandler              0x0800017f   Thumb Code     0  startup_gd32f30x_cl.o(.text)
    TIMER1_IRQHandler                        0x0800017f   Thumb Code     0  startup_gd32f30x_cl.o(.text)
    TIMER2_IRQHandler                        0x0800017f   Thumb Code     0  startup_gd32f30x_cl.o(.text)
    TIMER3_IRQHandler                        0x0800017f   Thumb Code     0  startup_gd32f30x_cl.o(.text)
    TIMER4_IRQHandler                        0x0800017f   Thumb Code     0  startup_gd32f30x_cl.o(.text)
    TIMER5_IRQHandler                        0x0800017f   Thumb Code     0  startup_gd32f30x_cl.o(.text)
    TIMER6_IRQHandler                        0x0800017f   Thumb Code     0  startup_gd32f30x_cl.o(.text)
    TIMER7_BRK_TIMER11_IRQHandler            0x0800017f   Thumb Code     0  startup_gd32f30x_cl.o(.text)
    TIMER7_Channel_IRQHandler                0x0800017f   Thumb Code     0  startup_gd32f30x_cl.o(.text)
    TIMER7_TRG_CMT_TIMER13_IRQHandler        0x0800017f   Thumb Code     0  startup_gd32f30x_cl.o(.text)
    TIMER7_UP_TIMER12_IRQHandler             0x0800017f   Thumb Code     0  startup_gd32f30x_cl.o(.text)
    UART3_IRQHandler                         0x0800017f   Thumb Code     0  startup_gd32f30x_cl.o(.text)
    UART4_IRQHandler                         0x0800017f   Thumb Code     0  startup_gd32f30x_cl.o(.text)
    USART1_IRQHandler                        0x0800017f   Thumb Code     0  startup_gd32f30x_cl.o(.text)
    USART2_IRQHandler                        0x0800017f   Thumb Code     0  startup_gd32f30x_cl.o(.text)
    USBFS_IRQHandler                         0x0800017f   Thumb Code     0  startup_gd32f30x_cl.o(.text)
    USBFS_WKUP_IRQHandler                    0x0800017f   Thumb Code     0  startup_gd32f30x_cl.o(.text)
    WWDGT_IRQHandler                         0x0800017f   Thumb Code     0  startup_gd32f30x_cl.o(.text)
    __aeabi_memset                           0x08000189   Thumb Code    14  memseta.o(.text)
    __aeabi_memset4                          0x08000189   Thumb Code     0  memseta.o(.text)
    __aeabi_memset8                          0x08000189   Thumb Code     0  memseta.o(.text)
    __aeabi_memclr                           0x08000197   Thumb Code     4  memseta.o(.text)
    __aeabi_memclr4                          0x08000197   Thumb Code     0  memseta.o(.text)
    __aeabi_memclr8                          0x08000197   Thumb Code     0  memseta.o(.text)
    _memset$wrapper                          0x0800019b   Thumb Code    18  memseta.o(.text)
    strlen                                   0x080001ad   Thumb Code    14  strlen.o(.text)
    calloc                                   0x080001bb   Thumb Code    28  calloc.o(.text)
    __scatterload                            0x080001d9   Thumb Code    28  init.o(.text)
    __scatterload_rt2                        0x080001d9   Thumb Code     0  init.o(.text)
    BusFault_Handler                         0x080001fd   Thumb Code     4  gd32f30x_it.o(i.BusFault_Handler)
    DebugMon_Handler                         0x08000201   Thumb Code     2  gd32f30x_it.o(i.DebugMon_Handler)
    GPIO_Port_Logout                         0x08000203   Thumb Code    20  port.o(i.GPIO_Port_Logout)
    GPIO_Port_Read                           0x08000217   Thumb Code    22  port.o(i.GPIO_Port_Read)
    GPIO_Port_Write                          0x0800022d   Thumb Code    28  port.o(i.GPIO_Port_Write)
    HardFault_Handler                        0x08000249   Thumb Code     4  gd32f30x_it.o(i.HardFault_Handler)
    Loop                                     0x0800024d   Thumb Code    84  demo4_wwdg.o(i.Loop)
    MemManage_Handler                        0x080002ad   Thumb Code     4  gd32f30x_it.o(i.MemManage_Handler)
    NMI_Handler                              0x080002b1   Thumb Code     2  gd32f30x_it.o(i.NMI_Handler)
    OnSystemStartup                          0x080002dd   Thumb Code   218  demo4_wwdg.o(i.OnSystemStartup)
    PendSV_Handler                           0x080003e9   Thumb Code     2  gd32f30x_it.o(i.PendSV_Handler)
    Port_Register                            0x080003ed   Thumb Code    62  port.o(i.Port_Register)
    Port_Remap_Enable                        0x08000439   Thumb Code    14  port.o(i.Port_Remap_Enable)
    SVC_Handler                              0x08000447   Thumb Code     2  gd32f30x_it.o(i.SVC_Handler)
    SysTick_Handler                          0x08000449   Thumb Code     8  gd32f30x_it.o(i.SysTick_Handler)
    SystemInit                               0x08000451   Thumb Code   100  system_gd32f30x.o(i.SystemInit)
    USART0_IRQHandler                        0x080004c1   Thumb Code   152  usart.o(i.USART0_IRQHandler)
    USART_BindingPrintf                      0x08000569   Thumb Code     6  usart.o(i.USART_BindingPrintf)
    USART_Close                              0x08000575   Thumb Code    20  usart.o(i.USART_Close)
    USART_Deinit                             0x08000589   Thumb Code    12  usart.o(i.USART_Deinit)
    USART_GetUsartIndex                      0x08000595   Thumb Code    36  usart.o(i.USART_GetUsartIndex)
    USART_Init                               0x080005bd   Thumb Code   144  usart.o(i.USART_Init)
    USART_Open                               0x08000661   Thumb Code    20  usart.o(i.USART_Open)
    USART_Register                           0x08000675   Thumb Code   188  usart.o(i.USART_Register)
    USATR_EnableReceive                      0x0800075d   Thumb Code    24  usart.o(i.USATR_EnableReceive)
    USATR_Read                               0x08000775   Thumb Code   108  usart.o(i.USATR_Read)
    USATR_ReadOfSign                         0x080007e5   Thumb Code   210  usart.o(i.USATR_ReadOfSign)
    USATR_SendByte                           0x080008b7   Thumb Code    30  usart.o(i.USATR_SendByte)
    USATR_SendBytes                          0x080008d5   Thumb Code    36  usart.o(i.USATR_SendBytes)
    USATR_SendString                         0x080008f9   Thumb Code    28  usart.o(i.USATR_SendString)
    UsageFault_Handler                       0x08000915   Thumb Code     4  gd32f30x_it.o(i.UsageFault_Handler)
    __0printf$bare                           0x08000919   Thumb Code     8  printfb.o(i.__0printf$bare)
    __1printf$bare                           0x08000919   Thumb Code     0  printfb.o(i.__0printf$bare)
    __2printf                                0x08000919   Thumb Code     0  printfb.o(i.__0printf$bare)
    __scatterload_copy                       0x08000929   Thumb Code    14  handlers.o(i.__scatterload_copy)
    __scatterload_null                       0x08000937   Thumb Code     2  handlers.o(i.__scatterload_null)
    __scatterload_zeroinit                   0x08000939   Thumb Code    14  handlers.o(i.__scatterload_zeroinit)
    delay_1ms                                0x08000969   Thumb Code    16  systick.o(i.delay_1ms)
    delay_decrement                          0x0800097d   Thumb Code    28  systick.o(i.delay_decrement)
    fputc                                    0x080009a1   Thumb Code    36  usart.o(i.fputc)
    free                                     0x080009c9   Thumb Code    76  malloc.o(i.free)
    gpio_bit_reset                           0x08000a19   Thumb Code     4  gd32f30x_gpio.o(i.gpio_bit_reset)
    gpio_bit_set                             0x08000a1d   Thumb Code     4  gd32f30x_gpio.o(i.gpio_bit_set)
    gpio_init                                0x08000a21   Thumb Code   188  gd32f30x_gpio.o(i.gpio_init)
    gpio_input_bit_get                       0x08000add   Thumb Code    16  gd32f30x_gpio.o(i.gpio_input_bit_get)
    gpio_pin_remap_config                    0x08000aed   Thumb Code   138  gd32f30x_gpio.o(i.gpio_pin_remap_config)
    main                                     0x08000b7d   Thumb Code    16  main.o(i.main)
    malloc                                   0x08000b8d   Thumb Code    92  malloc.o(i.malloc)
    nvic_irq_enable                          0x08000bf9   Thumb Code   186  gd32f30x_misc.o(i.nvic_irq_enable)
    nvic_priority_group_set                  0x08000cbd   Thumb Code    10  gd32f30x_misc.o(i.nvic_priority_group_set)
    rcu_apb1_clock_config                    0x08000cd1   Thumb Code    18  gd32f30x_rcu.o(i.rcu_apb1_clock_config)
    rcu_clock_freq_get                       0x08000ce9   Thumb Code   378  gd32f30x_rcu.o(i.rcu_clock_freq_get)
    rcu_periph_clock_enable                  0x08000e89   Thumb Code    28  gd32f30x_rcu.o(i.rcu_periph_clock_enable)
    rcu_periph_reset_disable                 0x08000ea9   Thumb Code    28  gd32f30x_rcu.o(i.rcu_periph_reset_disable)
    rcu_periph_reset_enable                  0x08000ec9   Thumb Code    28  gd32f30x_rcu.o(i.rcu_periph_reset_enable)
    systick_config                           0x08001029   Thumb Code    80  systick.o(i.systick_config)
    usart_baudrate_set                       0x08001081   Thumb Code   136  gd32f30x_usart.o(i.usart_baudrate_set)
    usart_data_receive                       0x08001111   Thumb Code    10  gd32f30x_usart.o(i.usart_data_receive)
    usart_data_transmit                      0x0800111b   Thumb Code     8  gd32f30x_usart.o(i.usart_data_transmit)
    usart_deinit                             0x08001125   Thumb Code   136  gd32f30x_usart.o(i.usart_deinit)
    usart_disable                            0x080011b5   Thumb Code    10  gd32f30x_usart.o(i.usart_disable)
    usart_enable                             0x080011bf   Thumb Code    10  gd32f30x_usart.o(i.usart_enable)
    usart_flag_get                           0x080011c9   Thumb Code    30  gd32f30x_usart.o(i.usart_flag_get)
    usart_interrupt_enable                   0x080011e7   Thumb Code    26  gd32f30x_usart.o(i.usart_interrupt_enable)
    usart_parity_config                      0x08001201   Thumb Code    16  gd32f30x_usart.o(i.usart_parity_config)
    usart_receive_config                     0x08001211   Thumb Code    16  gd32f30x_usart.o(i.usart_receive_config)
    usart_stop_bit_set                       0x08001221   Thumb Code    16  gd32f30x_usart.o(i.usart_stop_bit_set)
    usart_transmit_config                    0x08001231   Thumb Code    16  gd32f30x_usart.o(i.usart_transmit_config)
    usart_word_length_set                    0x08001241   Thumb Code    16  gd32f30x_usart.o(i.usart_word_length_set)
    wwdgt_config                             0x08001251   Thumb Code    52  gd32f30x_wwdgt.o(i.wwdgt_config)
    wwdgt_counter_update                     0x08001289   Thumb Code    22  gd32f30x_wwdgt.o(i.wwdgt_counter_update)
    wwdgt_deinit                             0x080012a5   Thumb Code    20  gd32f30x_wwdgt.o(i.wwdgt_deinit)
    wwdgt_enable                             0x080012b9   Thumb Code    14  gd32f30x_wwdgt.o(i.wwdgt_enable)
    Region$$Table$$Base                      0x080012cc   Number         0  anon$$obj.o(Region$$Table)
    Region$$Table$$Limit                     0x080012ec   Number         0  anon$$obj.o(Region$$Table)
    SystemCoreClock                          0x20000000   Data           4  system_gd32f30x.o(.data)
    SystemSystick                            0x20000008   Data           4  systick.o(.data)
    key                                      0x2000000c   Data           4  demo4_wwdg.o(.data)
    led                                      0x20000010   Data           4  demo4_wwdg.o(.data)
    usart0                                   0x20000014   Data           4  demo4_wwdg.o(.data)
    Usart                                    0x20000020   Data          16  usart.o(.data)
    __stdout                                 0x20000030   Data           4  stdout.o(.data)
    __microlib_freelist                      0x20000034   Data           4  mvars.o(.data)
    __microlib_freelist_initialised          0x20000038   Data           4  mvars.o(.data)
    UsartMap                                 0x2000003c   Data          20  usart.o(.bss)
    __heap_base                              0x20000050   Data           0  startup_gd32f30x_cl.o(HEAP)
    __heap_limit                             0x20000450   Data           0  startup_gd32f30x_cl.o(HEAP)
    __initial_sp                             0x20000850   Data           0  startup_gd32f30x_cl.o(STACK)



==============================================================================

Memory Map of the image

  Image Entry point : 0x08000151

  Load Region LR_IROM1 (Base: 0x08000000, Size: 0x00001328, Max: 0x00080000, ABSOLUTE)

    Execution Region ER_IROM1 (Exec base: 0x08000000, Load base: 0x08000000, Size: 0x000012ec, Max: 0x00080000, ABSOLUTE)

    Exec Addr    Load Addr    Size         Type   Attr      Idx    E Section Name        Object

    0x08000000   0x08000000   0x00000150   Data   RO          322    RESET               startup_gd32f30x_cl.o
    0x08000150   0x08000150   0x00000000   Code   RO         5103  * .ARM.Collect$$$$00000000  mc_w.l(entry.o)
    0x08000150   0x08000150   0x00000004   Code   RO         5402    .ARM.Collect$$$$00000001  mc_w.l(entry2.o)
    0x08000154   0x08000154   0x00000004   Code   RO         5405    .ARM.Collect$$$$00000004  mc_w.l(entry5.o)
    0x08000158   0x08000158   0x00000000   Code   RO         5407    .ARM.Collect$$$$00000008  mc_w.l(entry7b.o)
    0x08000158   0x08000158   0x00000000   Code   RO         5409    .ARM.Collect$$$$0000000A  mc_w.l(entry8b.o)
    0x08000158   0x08000158   0x00000008   Code   RO         5410    .ARM.Collect$$$$0000000B  mc_w.l(entry9a.o)
    0x08000160   0x08000160   0x00000000   Code   RO         5412    .ARM.Collect$$$$0000000D  mc_w.l(entry10a.o)
    0x08000160   0x08000160   0x00000000   Code   RO         5414    .ARM.Collect$$$$0000000F  mc_w.l(entry11a.o)
    0x08000160   0x08000160   0x00000004   Code   RO         5403    .ARM.Collect$$$$00002712  mc_w.l(entry2.o)
    0x08000164   0x08000164   0x00000024   Code   RO          323    .text               startup_gd32f30x_cl.o
    0x08000188   0x08000188   0x00000024   Code   RO         5108    .text               mc_w.l(memseta.o)
    0x080001ac   0x080001ac   0x0000000e   Code   RO         5110    .text               mc_w.l(strlen.o)
    0x080001ba   0x080001ba   0x0000001c   Code   RO         5400    .text               mc_w.l(calloc.o)
    0x080001d6   0x080001d6   0x00000002   PAD
    0x080001d8   0x080001d8   0x00000024   Code   RO         5440    .text               mc_w.l(init.o)
    0x080001fc   0x080001fc   0x00000004   Code   RO          204    i.BusFault_Handler  gd32f30x_it.o
    0x08000200   0x08000200   0x00000002   Code   RO          205    i.DebugMon_Handler  gd32f30x_it.o
    0x08000202   0x08000202   0x00000014   Code   RO          446    i.GPIO_Port_Logout  port.o
    0x08000216   0x08000216   0x00000016   Code   RO          447    i.GPIO_Port_Read    port.o
    0x0800022c   0x0800022c   0x0000001c   Code   RO          448    i.GPIO_Port_Write   port.o
    0x08000248   0x08000248   0x00000004   Code   RO          206    i.HardFault_Handler  gd32f30x_it.o
    0x0800024c   0x0800024c   0x00000060   Code   RO          410    i.Loop              demo4_wwdg.o
    0x080002ac   0x080002ac   0x00000004   Code   RO          207    i.MemManage_Handler  gd32f30x_it.o
    0x080002b0   0x080002b0   0x00000002   Code   RO          208    i.NMI_Handler       gd32f30x_it.o
    0x080002b2   0x080002b2   0x00000002   PAD
    0x080002b4   0x080002b4   0x00000028   Code   RO          275    i.NVIC_SetPriority  systick.o
    0x080002dc   0x080002dc   0x0000010c   Code   RO          411    i.OnSystemStartup   demo4_wwdg.o
    0x080003e8   0x080003e8   0x00000002   Code   RO          209    i.PendSV_Handler    gd32f30x_it.o
    0x080003ea   0x080003ea   0x00000002   PAD
    0x080003ec   0x080003ec   0x0000004c   Code   RO          449    i.Port_Register     port.o
    0x08000438   0x08000438   0x0000000e   Code   RO          451    i.Port_Remap_Enable  port.o
    0x08000446   0x08000446   0x00000002   Code   RO          210    i.SVC_Handler       gd32f30x_it.o
    0x08000448   0x08000448   0x00000008   Code   RO          211    i.SysTick_Handler   gd32f30x_it.o
    0x08000450   0x08000450   0x00000070   Code   RO            4    i.SystemInit        system_gd32f30x.o
    0x080004c0   0x080004c0   0x000000a8   Code   RO          502    i.USART0_IRQHandler  usart.o
    0x08000568   0x08000568   0x0000000c   Code   RO          503    i.USART_BindingPrintf  usart.o
    0x08000574   0x08000574   0x00000014   Code   RO          504    i.USART_Close       usart.o
    0x08000588   0x08000588   0x0000000c   Code   RO          505    i.USART_Deinit      usart.o
    0x08000594   0x08000594   0x00000028   Code   RO          506    i.USART_GetUsartIndex  usart.o
    0x080005bc   0x080005bc   0x000000a4   Code   RO          507    i.USART_Init        usart.o
    0x08000660   0x08000660   0x00000014   Code   RO          508    i.USART_Open        usart.o
    0x08000674   0x08000674   0x000000e8   Code   RO          509    i.USART_Register    usart.o
    0x0800075c   0x0800075c   0x00000018   Code   RO          511    i.USATR_EnableReceive  usart.o
    0x08000774   0x08000774   0x00000070   Code   RO          512    i.USATR_Read        usart.o
    0x080007e4   0x080007e4   0x000000d2   Code   RO          514    i.USATR_ReadOfSign  usart.o
    0x080008b6   0x080008b6   0x0000001e   Code   RO          515    i.USATR_SendByte    usart.o
    0x080008d4   0x080008d4   0x00000024   Code   RO          516    i.USATR_SendBytes   usart.o
    0x080008f8   0x080008f8   0x0000001c   Code   RO          517    i.USATR_SendString  usart.o
    0x08000914   0x08000914   0x00000004   Code   RO          212    i.UsageFault_Handler  gd32f30x_it.o
    0x08000918   0x08000918   0x00000010   Code   RO         5113    i.__0printf$bare    mc_w.l(printfb.o)
    0x08000928   0x08000928   0x0000000e   Code   RO         5448    i.__scatterload_copy  mc_w.l(handlers.o)
    0x08000936   0x08000936   0x00000002   Code   RO         5449    i.__scatterload_null  mc_w.l(handlers.o)
    0x08000938   0x08000938   0x0000000e   Code   RO         5450    i.__scatterload_zeroinit  mc_w.l(handlers.o)
    0x08000946   0x08000946   0x00000022   Code   RO         5120    i._printf_core      mc_w.l(printfb.o)
    0x08000968   0x08000968   0x00000014   Code   RO          276    i.delay_1ms         systick.o
    0x0800097c   0x0800097c   0x00000024   Code   RO          277    i.delay_decrement   systick.o
    0x080009a0   0x080009a0   0x00000028   Code   RO          518    i.fputc             usart.o
    0x080009c8   0x080009c8   0x00000050   Code   RO         5372    i.free              mc_w.l(malloc.o)
    0x08000a18   0x08000a18   0x00000004   Code   RO         2857    i.gpio_bit_reset    gd32f30x_gpio.o
    0x08000a1c   0x08000a1c   0x00000004   Code   RO         2858    i.gpio_bit_set      gd32f30x_gpio.o
    0x08000a20   0x08000a20   0x000000bc   Code   RO         2868    i.gpio_init         gd32f30x_gpio.o
    0x08000adc   0x08000adc   0x00000010   Code   RO         2869    i.gpio_input_bit_get  gd32f30x_gpio.o
    0x08000aec   0x08000aec   0x00000090   Code   RO         2874    i.gpio_pin_remap_config  gd32f30x_gpio.o
    0x08000b7c   0x08000b7c   0x00000010   Code   RO          144    i.main              main.o
    0x08000b8c   0x08000b8c   0x0000006c   Code   RO         5373    i.malloc            mc_w.l(malloc.o)
    0x08000bf8   0x08000bf8   0x000000c4   Code   RO         3191    i.nvic_irq_enable   gd32f30x_misc.o
    0x08000cbc   0x08000cbc   0x00000014   Code   RO         3192    i.nvic_priority_group_set  gd32f30x_misc.o
    0x08000cd0   0x08000cd0   0x00000018   Code   RO         3384    i.rcu_apb1_clock_config  gd32f30x_rcu.o
    0x08000ce8   0x08000ce8   0x000001a0   Code   RO         3390    i.rcu_clock_freq_get  gd32f30x_rcu.o
    0x08000e88   0x08000e88   0x00000020   Code   RO         3410    i.rcu_periph_clock_enable  gd32f30x_rcu.o
    0x08000ea8   0x08000ea8   0x00000020   Code   RO         3413    i.rcu_periph_reset_disable  gd32f30x_rcu.o
    0x08000ec8   0x08000ec8   0x00000020   Code   RO         3414    i.rcu_periph_reset_enable  gd32f30x_rcu.o
    0x08000ee8   0x08000ee8   0x00000138   Code   RO            5    i.system_clock_120m_hxtal  system_gd32f30x.o
    0x08001020   0x08001020   0x00000008   Code   RO            6    i.system_clock_config  system_gd32f30x.o
    0x08001028   0x08001028   0x00000058   Code   RO          278    i.systick_config    systick.o
    0x08001080   0x08001080   0x00000090   Code   RO         4736    i.usart_baudrate_set  gd32f30x_usart.o
    0x08001110   0x08001110   0x0000000a   Code   RO         4739    i.usart_data_receive  gd32f30x_usart.o
    0x0800111a   0x0800111a   0x00000008   Code   RO         4740    i.usart_data_transmit  gd32f30x_usart.o
    0x08001122   0x08001122   0x00000002   PAD
    0x08001124   0x08001124   0x00000090   Code   RO         4741    i.usart_deinit      gd32f30x_usart.o
    0x080011b4   0x080011b4   0x0000000a   Code   RO         4742    i.usart_disable     gd32f30x_usart.o
    0x080011be   0x080011be   0x0000000a   Code   RO         4745    i.usart_enable      gd32f30x_usart.o
    0x080011c8   0x080011c8   0x0000001e   Code   RO         4747    i.usart_flag_get    gd32f30x_usart.o
    0x080011e6   0x080011e6   0x0000001a   Code   RO         4754    i.usart_interrupt_enable  gd32f30x_usart.o
    0x08001200   0x08001200   0x00000010   Code   RO         4767    i.usart_parity_config  gd32f30x_usart.o
    0x08001210   0x08001210   0x00000010   Code   RO         4769    i.usart_receive_config  gd32f30x_usart.o
    0x08001220   0x08001220   0x00000010   Code   RO         4779    i.usart_stop_bit_set  gd32f30x_usart.o
    0x08001230   0x08001230   0x00000010   Code   RO         4783    i.usart_transmit_config  gd32f30x_usart.o
    0x08001240   0x08001240   0x00000010   Code   RO         4784    i.usart_word_length_set  gd32f30x_usart.o
    0x08001250   0x08001250   0x00000038   Code   RO         5049    i.wwdgt_config      gd32f30x_wwdgt.o
    0x08001288   0x08001288   0x0000001c   Code   RO         5050    i.wwdgt_counter_update  gd32f30x_wwdgt.o
    0x080012a4   0x080012a4   0x00000014   Code   RO         5051    i.wwdgt_deinit      gd32f30x_wwdgt.o
    0x080012b8   0x080012b8   0x00000014   Code   RO         5052    i.wwdgt_enable      gd32f30x_wwdgt.o
    0x080012cc   0x080012cc   0x00000020   Data   RO         5446    Region$$Table       anon$$obj.o


    Execution Region RW_IRAM1 (Exec base: 0x20000000, Load base: 0x080012ec, Size: 0x00000850, Max: 0x00018000, ABSOLUTE)

    Exec Addr    Load Addr    Size         Type   Attr      Idx    E Section Name        Object

    0x20000000   0x080012ec   0x00000004   Data   RW            7    .data               system_gd32f30x.o
    0x20000004   0x080012f0   0x00000008   Data   RW          279    .data               systick.o
    0x2000000c   0x080012f8   0x00000010   Data   RW          412    .data               demo4_wwdg.o
    0x2000001c   0x08001308   0x00000014   Data   RW          520    .data               usart.o
    0x20000030   0x0800131c   0x00000004   Data   RW         5416    .data               mc_w.l(stdout.o)
    0x20000034   0x08001320   0x00000004   Data   RW         5427    .data               mc_w.l(mvars.o)
    0x20000038   0x08001324   0x00000004   Data   RW         5428    .data               mc_w.l(mvars.o)
    0x2000003c        -       0x00000014   Zero   RW          519    .bss                usart.o
    0x20000050        -       0x00000400   Zero   RW          321    HEAP                startup_gd32f30x_cl.o
    0x20000450        -       0x00000400   Zero   RW          320    STACK               startup_gd32f30x_cl.o


==============================================================================

Image component sizes


      Code (inc. data)   RO Data    RW Data    ZI Data      Debug   Object Name

         0          0          0          0          0       1948   demo1_gpio.o
       364         62          0         16          0       1378   demo4_wwdg.o
       356          6          0          0          0       3493   gd32f30x_gpio.o
        32          0          0          0          0       4018   gd32f30x_it.o
       216         20          0          0          0       1396   gd32f30x_misc.o
       536         56          0          0          0       3568   gd32f30x_rcu.o
       462         16          0          0          0       7858   gd32f30x_usart.o
       124         16          0          0          0       2268   gd32f30x_wwdgt.o
        16          0          0          0          0       4747   main.o
       160         14          0          0          0       3466   port.o
        36          8        336          0       2048        820   startup_gd32f30x_cl.o
       432         36          0          4          0      32355   system_gd32f30x.o
       184         28          0          8          0      29018   systick.o
      1148         98          0         20         20      12837   usart.o

    ----------------------------------------------------------------------
      4072        360        368         48       2068     109170   Object Totals
         0          0         32          0          0          0   (incl. Generated)
         6          0          0          0          0          0   (incl. Padding)

    ----------------------------------------------------------------------

      Code (inc. data)   RO Data    RW Data    ZI Data      Debug   Library Member Name

        28          0          0          0          0         76   calloc.o
         0          0          0          0          0          0   entry.o
         0          0          0          0          0          0   entry10a.o
         0          0          0          0          0          0   entry11a.o
         8          4          0          0          0          0   entry2.o
         4          0          0          0          0          0   entry5.o
         0          0          0          0          0          0   entry7b.o
         0          0          0          0          0          0   entry8b.o
         8          4          0          0          0          0   entry9a.o
        30          0          0          0          0          0   handlers.o
        36          8          0          0          0         68   init.o
       188         20          0          0          0        160   malloc.o
        36          0          0          0          0        108   memseta.o
         0          0          0          8          0          0   mvars.o
        50          8          0          0          0        152   printfb.o
         0          0          0          4          0          0   stdout.o
        14          0          0          0          0         68   strlen.o

    ----------------------------------------------------------------------
       404         44          0         12          0        632   Library Totals
         2          0          0          0          0          0   (incl. Padding)

    ----------------------------------------------------------------------

      Code (inc. data)   RO Data    RW Data    ZI Data      Debug   Library Name

       402         44          0         12          0        632   mc_w.l

    ----------------------------------------------------------------------
       404         44          0         12          0        632   Library Totals

    ----------------------------------------------------------------------

==============================================================================


      Code (inc. data)   RO Data    RW Data    ZI Data      Debug   

      4476        404        368         60       2068     103498   Grand Totals
      4476        404        368         60       2068     103498   ELF Image Totals
      4476        404        368         60          0          0   ROM Totals

==============================================================================

    Total RO  Size (Code + RO Data)                 4844 (   4.73kB)
    Total RW  Size (RW Data + ZI Data)              2128 (   2.08kB)
    Total ROM Size (Code + RO Data + RW Data)       4904 (   4.79kB)

==============================================================================

